Archive member included to satisfy reference by file (symbol)

obj_iotdk_10/gnu_arcem9d/board/iotdk/common/iotdk_init.o
                              obj_iotdk_10/gnu_arcem9d/board/board.o (board_init)
obj_iotdk_10/gnu_arcem9d/board/iotdk/common/iotdk_timer.o
                              obj_iotdk_10/gnu_arcem9d/board/iotdk/common/iotdk_init.o (iotdk_timer_init)
obj_iotdk_10/gnu_arcem9d/board/iotdk/drivers/mux/mux.o
                              obj_iotdk_10/gnu_arcem9d/board/iotdk/common/iotdk_init.o (io_pmod_config)
obj_iotdk_10/gnu_arcem9d/board/iotdk/drivers/sysconf/sysconf.o
                              obj_iotdk_10/gnu_arcem9d/board/iotdk/drivers/mux/mux.o (sysconf_reg_ptr)
obj_iotdk_10/gnu_arcem9d/middleware/common/console_io.o
                              obj_iotdk_10/gnu_arcem9d/board/board.o (xprintf_setup)
obj_iotdk_10/gnu_arcem9d/middleware/common/xprintf/xprintf.o
                              obj_iotdk_10/gnu_arcem9d/middleware/common/console_io.o (xfunc_out)
obj_iotdk_10/gnu_arcem9d/arc/arc_timer.o
                              obj_iotdk_10/gnu_arcem9d/board/iotdk/common/iotdk_timer.o (timer_present)
obj_iotdk_10/gnu_arcem9d/arc/arc_cache.o
                              obj_iotdk_10/gnu_arcem9d/arc/startup/arc_startup.o (arc_cache_init)
obj_iotdk_10/gnu_arcem9d/arc/arc_exception.o
                              obj_iotdk_10/gnu_arcem9d/arc/startup/arc_startup.o (exc_int_init)
obj_iotdk_10/gnu_arcem9d/arc/arc_exc_asm.o
                              obj_iotdk_10/gnu_arcem9d/arc/arc_exception.o (exc_entry_cpu)
obj_iotdk_10/gnu_arcem9d/library/clib/embarc_misc.o
                              obj_iotdk_10/gnu_arcem9d/middleware/common/console_io.o (gnu_printf_setup)
obj_iotdk_10/gnu_arcem9d/../../../../../../library/embarc_mli/lib/arcem9d/libmli_iotdk.a(mli_helpers.o)
                              obj_iotdk_10/gnu_arcem9d/application/./main.o (mli_hlp_count_elem_num)
obj_iotdk_10/gnu_arcem9d/../../../../../../library/embarc_mli/lib/arcem9d/libmli_iotdk.a(mli_krn_fully_connected_fx.o)
                              obj_iotdk_10/gnu_arcem9d/application/./model_chw.o (mli_krn_fully_connected_fx8)
obj_iotdk_10/gnu_arcem9d/../../../../../../library/embarc_mli/lib/arcem9d/libmli_iotdk.a(mli_krn_conv2d_chw_fx8.o)
                              obj_iotdk_10/gnu_arcem9d/application/./model_chw.o (mli_krn_conv2d_chw_fx8_k3x3_str1_krnpad)
obj_iotdk_10/gnu_arcem9d/../../../../../../library/embarc_mli/lib/arcem9d/libmli_iotdk.a(mli_krn_permute_fx.o)
                              obj_iotdk_10/gnu_arcem9d/application/./model_chw.o (mli_krn_permute_fx8)
obj_iotdk_10/gnu_arcem9d/../../../../../../library/embarc_mli/lib/arcem9d/libmli_iotdk.a(mli_krn_maxpool_chw_fx8.o)
                              obj_iotdk_10/gnu_arcem9d/application/./model_chw.o (mli_krn_maxpool_chw_fx8_k2x2)
obj_iotdk_10/gnu_arcem9d/../../../../../../library/embarc_mli/lib/arcem9d/libmli_iotdk.a(mli_krn_softmax_fx.o)
                              obj_iotdk_10/gnu_arcem9d/application/./model_chw.o (mli_krn_softmax_fx8)
obj_iotdk_10/gnu_arcem9d/../../../../../../library/embarc_mli/lib/arcem9d/libmli_iotdk.a(mli_prv_lut.o)
                              obj_iotdk_10/gnu_arcem9d/../../../../../../library/embarc_mli/lib/arcem9d/libmli_iotdk.a(mli_krn_softmax_fx.o) (expneg_lut_fx16)
obj_iotdk_10/gnu_arcem9d/board/iotdk/drivers/ip/subsystem/uart/dfss_uart_obj.o
                              obj_iotdk_10/gnu_arcem9d/middleware/common/console_io.o (uart_get_dev)
obj_iotdk_10/gnu_arcem9d/device/ip/subsystem/uart/ss_uart.o
                              obj_iotdk_10/gnu_arcem9d/board/iotdk/drivers/ip/subsystem/uart/dfss_uart_obj.o (ss_uart_open)
obj_iotdk_10/gnu_arcem9d/device/ip/subsystem/uart/uart.o
                              obj_iotdk_10/gnu_arcem9d/device/ip/subsystem/uart/ss_uart.o (io_uart_open)
c:/arc_gnu/bin/../lib/gcc/arc-elf32/8.3.1/../../../../arc-elf32/lib/em4_fpuda\libc.a(lib_a-malloc.o)
                              obj_iotdk_10/gnu_arcem9d/application/./main.o (malloc)
c:/arc_gnu/bin/../lib/gcc/arc-elf32/8.3.1/../../../../arc-elf32/lib/em4_fpuda\libc.a(lib_a-mallocr.o)
                              c:/arc_gnu/bin/../lib/gcc/arc-elf32/8.3.1/../../../../arc-elf32/lib/em4_fpuda\libc.a(lib_a-malloc.o) (_malloc_r)
c:/arc_gnu/bin/../lib/gcc/arc-elf32/8.3.1/../../../../arc-elf32/lib/em4_fpuda\libc.a(lib_a-memcpy-bs.o)
                              obj_iotdk_10/gnu_arcem9d/../../../../../../library/embarc_mli/lib/arcem9d/libmli_iotdk.a(mli_krn_permute_fx.o) (memcpy)
c:/arc_gnu/bin/../lib/gcc/arc-elf32/8.3.1/../../../../arc-elf32/lib/em4_fpuda\libc.a(lib_a-mlock.o)
                              c:/arc_gnu/bin/../lib/gcc/arc-elf32/8.3.1/../../../../arc-elf32/lib/em4_fpuda\libc.a(lib_a-mallocr.o) (__malloc_lock)
c:/arc_gnu/bin/../lib/gcc/arc-elf32/8.3.1/../../../../arc-elf32/lib/em4_fpuda\libc.a(lib_a-printf.o)
                              obj_iotdk_10/gnu_arcem9d/application/./main.o (printf)
[...]
Memory Configuration

Name             Origin             Length             Attributes
REGION_ICCM      0x20000000         0x00040000
REGION_DCCM      0x80000000         0x00020000
REGION_XCCM      0xc0000000         0x00008000
REGION_YCCM      0xe0000000         0x00008000
REGION_EXT_ROM   0x00000000         0x00040000
REGION_EXT_RAM   0x30000000         0x00020000
*default*        0x00000000         0xffffffff

Linker script and memory map

LOAD c:/arc_gnu/bin/../lib/gcc/arc-elf32/8.3.1/../../../../arc-elf32/lib/em4_fpuda\libm.a

.init           0x20000000      0x2e8
                0x20000000                . = (. + 0x0)
                0x20000000                _f_init = .
 *(.init_vector .init_vector.*)
 .init_vector   0x20000000        0x4 obj_iotdk_10/gnu_arcem9d/arc/startup/arc_startup.o
 *(.init_bootstrap .init_bootstrap.*)
 .init_bootstrap
                0x20000004      0x218 obj_iotdk_10/gnu_arcem9d/arc/startup/arc_startup.o
                0x20000004                _arc_reset
                0x20000004                _start
                0x20000208                _exit_loop
                0x20000208                _exit_halt
 .init_bootstrap
                0x2000021c       0xcc obj_iotdk_10/gnu_arcem9d/library/embarc_mli/src/embarc_mli_util.o
                0x2000021c                _embarc_mli_startup
                0x200002e8                _e_init = .

.vector         0x20000400      0x400
                0x20000400                _f_vector = .
 *(.vector .vector.*)
 .vector        0x20000400      0x400 obj_iotdk_10/gnu_arcem9d/arc/arc_exception.o
                0x20000400                exc_entry_table
                0x20000800                _e_vector = .

/DISCARD/
 *libmli*.a:*.o(.arcextmap*)

.mli_rom        0x20000800     0x1b0a
                0x20000800                _f_mli_rom = .
 *libmli*.a:*.o(.mli_lib*)
 .mli_lib.mli_hlp_count_elem_num
                0x20000800       0x1c obj_iotdk_10/gnu_arcem9d/../../../../../../library/embarc_mli/lib/arcem9d/libmli_iotdk.a(mli_helpers.o)
                0x20000800                mli_hlp_count_elem_num
 .mli_lib.mli_krn_fully_connected_fx8
                0x2000081c      0x260 obj_iotdk_10/gnu_arcem9d/../../../../../../library/embarc_mli/lib/arcem9d/libmli_iotdk.a(mli_krn_fully_connected_fx.o)
                0x2000081c                mli_krn_fully_connected_fx8
 .mli_lib.mli_krn_conv2d_chw_fx8_k3x3_str1_krnpad
                0x20000a7c      0x8b8 obj_iotdk_10/gnu_arcem9d/../../../../../../library/embarc_mli/lib/arcem9d/libmli_iotdk.a(mli_krn_conv2d_chw_fx8.o)
                0x20000a7c                mli_krn_conv2d_chw_fx8_k3x3_str1_krnpad
 .mli_lib.mli_krn_permute_fx16
                0x20001334        0xc obj_iotdk_10/gnu_arcem9d/../../../../../../library/embarc_mli/lib/arcem9d/libmli_iotdk.a(mli_krn_permute_fx.o)
                0x20001334                mli_krn_permute_fx16
 .mli_lib.mli_krn_permute_fx8
                0x20001340        0xc obj_iotdk_10/gnu_arcem9d/../../../../../../library/embarc_mli/lib/arcem9d/libmli_iotdk.a(mli_krn_permute_fx.o)
                0x20001340                mli_krn_permute_fx8
 .mli_lib._ZN3mli12permute_dataIsEEvPK11_mli_tensorPK15mli_permute_cfgPS1_
                0x2000134c      0x184 obj_iotdk_10/gnu_arcem9d/../../../../../../library/embarc_mli/lib/arcem9d/libmli_iotdk.a(mli_krn_permute_fx.o)
                0x2000134c                void mli::permute_data<short>(_mli_tensor const*, mli_permute_cfg const*, _mli_tensor*)
 .mli_lib._ZN3mli12permute_dataIaEEvPK11_mli_tensorPK15mli_permute_cfgPS1_
                0x200014d0      0x182 obj_iotdk_10/gnu_arcem9d/../../../../../../library/embarc_mli/lib/arcem9d/libmli_iotdk.a(mli_krn_permute_fx.o)
                0x200014d0                void mli::permute_data<signed char>(_mli_tensor const*, mli_permute_cfg const*, _mli_tensor*)
 *fill*         0x20001652        0x2 
 .mli_lib.mli_krn_maxpool_chw_fx8_k2x2
                0x20001654      0x7ec obj_iotdk_10/gnu_arcem9d/../../../../../../library/embarc_mli/lib/arcem9d/libmli_iotdk.a(mli_krn_maxpool_chw_fx8.o)
                0x20001654                mli_krn_maxpool_chw_fx8_k2x2
 .mli_lib.mli_krn_softmax_fx8
                0x20001e40      0x2aa obj_iotdk_10/gnu_arcem9d/../../../../../../library/embarc_mli/lib/arcem9d/libmli_iotdk.a(mli_krn_softmax_fx.o)
                0x20001e40                mli_krn_softmax_fx8
 *fill*         0x200020ea        0x2 
 .mli_lib.mli_prv_activation_lut_fx8
                0x200020ec      0x21e obj_iotdk_10/gnu_arcem9d/../../../../../../library/embarc_mli/lib/arcem9d/libmli_iotdk.a(mli_prv_lut.o)
                0x200020ec                mli_prv_activation_lut_fx8
 *libmli*.a:*.o(.rodata .rodata.*)
                0x2000230a                _e_mli_rom = .
                0x20000800                _load_addr_mli_rom = LOADADDR (.mli_rom)

.mli_data       0x80000000      0x484 load address 0x20002310
                0x80000000                _f_mli_data = .
 *libmli*.a:*.o(.rodata_in_data .rodata_in_data.*)
 .rodata_in_data
                0x80000000       0x10 obj_iotdk_10/gnu_arcem9d/../../../../../../library/embarc_mli/lib/arcem9d/libmli_iotdk.a(mli_krn_permute_fx.o)
 .rodata_in_data
                0x80000010      0x474 obj_iotdk_10/gnu_arcem9d/../../../../../../library/embarc_mli/lib/arcem9d/libmli_iotdk.a(mli_prv_lut.o)
                0x80000448                expneg_lut_fx16
                0x8000045c                sigmoid_lut_fx16
                0x80000470                tanh_lut_fx16
 *libmli*.a:*.o(.data .data.*)
                0x80000484                _e_mli_data = .
                0x20002310                _load_addr_mli_data = LOADADDR (.mli_data)

.Zdata          0x80000488     0x3200 load address 0x20002798
                0x80000488                _f_Zdata = .
 *(.Zdata*)
 .Zdata         0x80000488     0x3200 obj_iotdk_10/gnu_arcem9d/application/./model_chw.o
                0x80003688                _e_Zdata = .
                0x20002798                _load_addr_Zdata = LOADADDR (.Zdata)

.mli_model_p2   0x80003688     0x3234 load address 0x20005998
                0x80003688                _f_mli_model_p2 = .
 *(.mli_model_p2 .mli_model_p2.*)
 .mli_model_p2  0x80003688     0x3234 obj_iotdk_10/gnu_arcem9d/application/./model_tensors.o
                0x80003688                L4_fc5_b_buf
                0x8000368c                L4_fc5_wt_buf
                0x800036ac                L3_fc4_b_buf
                0x800036bc                L3_fc4_wt_buf
                0x800068bc                _e_mli_model_p2 = .
                0x20005998                _load_addr_mli_model_p2 = LOADADDR (.mli_model_p2)

.mli_model      0xc0000000      0x9b0 load address 0x20008bd0
                0xc0000000                _f_mli_model = .
 *(.mli_model .mli_model.*)
 .mli_model     0xc0000000      0x9b0 obj_iotdk_10/gnu_arcem9d/application/./model_tensors.o
                0xc0000000                L2_conv2_b_buf
                0xc0000010                L2_conv2_wt_buf
                0xc0000910                L1_conv1_b_buf
                0xc0000920                L1_conv1_wt_buf
                0xc00009b0                _e_mli_model = .
                0x20008bd0                _load_addr_mli_model = LOADADDR (.mli_model)

.mli_bss        0x800068c0        0x0
                0x800068c0                _f_mli_bss = .
 *libmli*.a:*.o(.bss .bss.*)
                0x800068c0                _e_mli_bss = .

.Xdata          0xc00009b0        0x0
                0xc00009b0                _f_Xdata = .
 *(.Xdata*)
                0xc00009b0                _e_Xdata = .

.Ydata          0xe0000000     0x3200
                0xe0000000                _f_Ydata = .
 *(.Ydata*)
 .Ydata         0xe0000000     0x3200 obj_iotdk_10/gnu_arcem9d/application/./model_chw.o
                0xe0003200                _e_Ydata = .

.x_ccm          0xc00009b0        0x0
                0xc00009b0                _f_x_ccm = .
 *(.x_ccm .x_cmm.*)
                0xc00009b0                _e_x_ccm = .

.y_ccm          0xe0003200        0x0
                0xe0003200                _f_y_ccm = .
 *(.y_ccm .y_ccm.*)
                0xe0003200                _e_y_ccm = .

.text           0x20009580     0xa588
                0x20009580                _f_text = .
 *(.text .text.* .gnu.linkonce.t.*)
 .text.startup.main
                0x20009580      0x378 obj_iotdk_10/gnu_arcem9d/application/./main.o
                0x20009580                main
 .text.defect_net
                0x200098f8       0xfc obj_iotdk_10/gnu_arcem9d/application/./model_chw.o
                0x200098f8                defect_net
 .text.board_main
                0x200099f4       0x40 obj_iotdk_10/gnu_arcem9d/board/board.o
                0x200099f4                board_main
 .text.__do_global_ctors_aux
                0x20009a34       0x30 obj_iotdk_10/gnu_arcem9d/arc/startup/arc_cxx_support.o
                0x20009a34                __do_global_ctors_aux
 .text.__do_global_dtors_aux
                0x20009a64       0x34 obj_iotdk_10/gnu_arcem9d/arc/startup/arc_cxx_support.o
                0x20009a64                __do_global_dtors_aux
 .text.__do_init_array_aux
                0x20009a98       0x3c obj_iotdk_10/gnu_arcem9d/arc/startup/arc_cxx_support.o
                0x20009a98                __do_init_array_aux
 .text          0x20009ad4       0x10 obj_iotdk_10/gnu_arcem9d/library/embarc_mli/src/embarc_mli_util.o
                0x20009ad4                _init_ad
 .text.board_init
                0x20009ae4       0x2c obj_iotdk_10/gnu_arcem9d/board/iotdk/common/iotdk_init.o
                0x20009ae4                board_init
 .text.board_timer_update
                0x20009b10       0x68 obj_iotdk_10/gnu_arcem9d/board/iotdk/common/iotdk_timer.o
                0x20009b10                board_timer_update
 .text.iotdk_timer_isr
                0x20009b78       0x14 obj_iotdk_10/gnu_arcem9d/board/iotdk/common/iotdk_timer.o
 .text.iotdk_timer_init
                0x20009b8c       0x38 obj_iotdk_10/gnu_arcem9d/board/iotdk/common/iotdk_timer.o
                0x20009b8c                iotdk_timer_init
 .text.io_pmod_config
                0x20009bc4       0x84 obj_iotdk_10/gnu_arcem9d/board/iotdk/drivers/mux/mux.o
                0x20009bc4                io_pmod_config
 .text.io_mux_init
                0x20009c48       0x14 obj_iotdk_10/gnu_arcem9d/board/iotdk/drivers/mux/mux.o
                0x20009c48                io_mux_init
 .text.pll_conf_reg
                0x20009c5c       0x40 obj_iotdk_10/gnu_arcem9d/board/iotdk/drivers/sysconf/sysconf.o
                0x20009c5c                pll_conf_reg
 .text.pll_fout_config
                0x20009c9c       0x94 obj_iotdk_10/gnu_arcem9d/board/iotdk/drivers/sysconf/sysconf.o
                0x20009c9c                pll_fout_config
 .text.console_putchar
                0x20009d30       0x2c obj_iotdk_10/gnu_arcem9d/middleware/common/console_io.o
                0x20009d30                console_putchar
 .text.console_getchar
                0x20009d5c       0x38 obj_iotdk_10/gnu_arcem9d/middleware/common/console_io.o
                0x20009d5c                console_getchar
 .text.xprintf_setup
                0x20009d94       0x88 obj_iotdk_10/gnu_arcem9d/middleware/common/console_io.o
                0x20009d94                xprintf_setup
 .text.xputc    0x20009e1c       0x48 obj_iotdk_10/gnu_arcem9d/middleware/common/xprintf/xprintf.o
                0x20009e1c                xputc
 .text.xvprintf
                0x20009e64      0x34c obj_iotdk_10/gnu_arcem9d/middleware/common/xprintf/xprintf.o
                0x20009e64                xvprintf
 .text.xprintf  0x2000a1b0       0x28 obj_iotdk_10/gnu_arcem9d/middleware/common/xprintf/xprintf.o
                0x2000a1b0                xprintf
 .text.timer_present
                0x2000a1d8       0x2c obj_iotdk_10/gnu_arcem9d/arc/arc_timer.o
                0x2000a1d8                timer_present
 .text.timer_start
                0x2000a204       0x78 obj_iotdk_10/gnu_arcem9d/arc/arc_timer.o
                0x2000a204                timer_start
 .text.timer_stop
                0x2000a27c       0x7c obj_iotdk_10/gnu_arcem9d/arc/arc_timer.o
                0x2000a27c                timer_stop
 .text.timer_int_clear
                0x2000a2f8       0x3c obj_iotdk_10/gnu_arcem9d/arc/arc_timer.o
                0x2000a2f8                timer_int_clear
 .text.timer_init
                0x2000a334       0x48 obj_iotdk_10/gnu_arcem9d/arc/arc_timer.o
                0x2000a334                timer_init
 .text.timer_calibrate_delay
                0x2000a37c      0x1c0 obj_iotdk_10/gnu_arcem9d/arc/arc_timer.o
                0x2000a37c                timer_calibrate_delay
 .text.arc_cache_init
                0x2000a53c      0x124 obj_iotdk_10/gnu_arcem9d/arc/arc_cache.o
                0x2000a53c                arc_cache_init
 .text.int_handler_default
                0x2000a660       0x34 obj_iotdk_10/gnu_arcem9d/arc/arc_exception.o
 .text.dump_protv_access_err
                0x2000a694       0x74 obj_iotdk_10/gnu_arcem9d/arc/arc_exception.o
 .text.exc_handler_default
                0x2000a708      0x3d8 obj_iotdk_10/gnu_arcem9d/arc/arc_exception.o
 .text.exc_int_init
                0x2000aae0       0x6c obj_iotdk_10/gnu_arcem9d/arc/arc_exception.o
                0x2000aae0                exc_int_init
 .text.int_disable
                0x2000ab4c       0x28 obj_iotdk_10/gnu_arcem9d/arc/arc_exception.o
                0x2000ab4c                int_disable
 .text.int_enable
                0x2000ab74       0x28 obj_iotdk_10/gnu_arcem9d/arc/arc_exception.o
                0x2000ab74                int_enable
 .text.cpu_unlock
                0x2000ab9c        0x8 obj_iotdk_10/gnu_arcem9d/arc/arc_exception.o
                0x2000ab9c                cpu_unlock
 .text.cpu_lock_save
                0x2000aba4        0x8 obj_iotdk_10/gnu_arcem9d/arc/arc_exception.o
                0x2000aba4                cpu_lock_save
 .text.cpu_unlock_restore
                0x2000abac        0x8 obj_iotdk_10/gnu_arcem9d/arc/arc_exception.o
                0x2000abac                cpu_unlock_restore
 .text.int_handler_install
                0x2000abb4       0x20 obj_iotdk_10/gnu_arcem9d/arc/arc_exception.o
                0x2000abb4                int_handler_install
 .text          0x2000abd4      0x2c8 obj_iotdk_10/gnu_arcem9d/arc/arc_exc_asm.o
                0x2000abd4                exc_entry_cpu
                0x2000ad44                exc_entry_int
                0x2000ade8                exc_entry_firq
 .text.gnu_printf_setup
                0x2000ae9c        0x4 obj_iotdk_10/gnu_arcem9d/library/clib/embarc_misc.o
                0x2000ae9c                gnu_printf_setup
 .text.dfss_uart_0_read
                0x2000aea0       0x10 obj_iotdk_10/gnu_arcem9d/board/iotdk/drivers/ip/subsystem/uart/dfss_uart_obj.o
 .text.dfss_uart_1_read
                0x2000aeb0       0x10 obj_iotdk_10/gnu_arcem9d/board/iotdk/drivers/ip/subsystem/uart/dfss_uart_obj.o
 .text.dfss_uart_2_read
                0x2000aec0       0x10 obj_iotdk_10/gnu_arcem9d/board/iotdk/drivers/ip/subsystem/uart/dfss_uart_obj.o
 .text.dfss_uart_3_read
                0x2000aed0       0x10 obj_iotdk_10/gnu_arcem9d/board/iotdk/drivers/ip/subsystem/uart/dfss_uart_obj.o
 .text.dfss_uart_0_write
                0x2000aee0       0x10 obj_iotdk_10/gnu_arcem9d/board/iotdk/drivers/ip/subsystem/uart/dfss_uart_obj.o
 .text.dfss_uart_1_write
                0x2000aef0       0x10 obj_iotdk_10/gnu_arcem9d/board/iotdk/drivers/ip/subsystem/uart/dfss_uart_obj.o
 .text.dfss_uart_2_write
                0x2000af00       0x10 obj_iotdk_10/gnu_arcem9d/board/iotdk/drivers/ip/subsystem/uart/dfss_uart_obj.o
 .text.dfss_uart_3_write
                0x2000af10       0x10 obj_iotdk_10/gnu_arcem9d/board/iotdk/drivers/ip/subsystem/uart/dfss_uart_obj.o
 .text.dfss_uart_0_control
                0x2000af20       0x10 obj_iotdk_10/gnu_arcem9d/board/iotdk/drivers/ip/subsystem/uart/dfss_uart_obj.o
 .text.dfss_uart_1_control
                0x2000af30       0x10 obj_iotdk_10/gnu_arcem9d/board/iotdk/drivers/ip/subsystem/uart/dfss_uart_obj.o
 .text.dfss_uart_2_control
                0x2000af40       0x10 obj_iotdk_10/gnu_arcem9d/board/iotdk/drivers/ip/subsystem/uart/dfss_uart_obj.o
 .text.dfss_uart_3_control
                0x2000af50       0x10 obj_iotdk_10/gnu_arcem9d/board/iotdk/drivers/ip/subsystem/uart/dfss_uart_obj.o
 .text.dfss_uart_0_close
                0x2000af60        0xc obj_iotdk_10/gnu_arcem9d/board/iotdk/drivers/ip/subsystem/uart/dfss_uart_obj.o
 .text.dfss_uart_1_close
                0x2000af6c        0xc obj_iotdk_10/gnu_arcem9d/board/iotdk/drivers/ip/subsystem/uart/dfss_uart_obj.o
 .text.dfss_uart_2_close
                0x2000af78        0xc obj_iotdk_10/gnu_arcem9d/board/iotdk/drivers/ip/subsystem/uart/dfss_uart_obj.o
 .text.dfss_uart_3_close
                0x2000af84        0xc obj_iotdk_10/gnu_arcem9d/board/iotdk/drivers/ip/subsystem/uart/dfss_uart_obj.o
 .text.dfss_uart_0_open
                0x2000af90        0xc obj_iotdk_10/gnu_arcem9d/board/iotdk/drivers/ip/subsystem/uart/dfss_uart_obj.o
 .text.dfss_uart_1_open
                0x2000af9c        0xc obj_iotdk_10/gnu_arcem9d/board/iotdk/drivers/ip/subsystem/uart/dfss_uart_obj.o
 .text.dfss_uart_2_open
                0x2000afa8        0xc obj_iotdk_10/gnu_arcem9d/board/iotdk/drivers/ip/subsystem/uart/dfss_uart_obj.o
 .text.dfss_uart_3_open
                0x2000afb4        0xc obj_iotdk_10/gnu_arcem9d/board/iotdk/drivers/ip/subsystem/uart/dfss_uart_obj.o
 .text.uart_err_cb0
                0x2000afc0        0xc obj_iotdk_10/gnu_arcem9d/board/iotdk/drivers/ip/subsystem/uart/dfss_uart_obj.o
 .text.uart_err_cb1
                0x2000afcc        0xc obj_iotdk_10/gnu_arcem9d/board/iotdk/drivers/ip/subsystem/uart/dfss_uart_obj.o
 .text.uart_err_cb2
                0x2000afd8        0xc obj_iotdk_10/gnu_arcem9d/board/iotdk/drivers/ip/subsystem/uart/dfss_uart_obj.o
 .text.uart_err_cb3
                0x2000afe4        0xc obj_iotdk_10/gnu_arcem9d/board/iotdk/drivers/ip/subsystem/uart/dfss_uart_obj.o
 .text.uart_rx_cb0
                0x2000aff0        0xc obj_iotdk_10/gnu_arcem9d/board/iotdk/drivers/ip/subsystem/uart/dfss_uart_obj.o
 .text.uart_rx_cb1
                0x2000affc        0xc obj_iotdk_10/gnu_arcem9d/board/iotdk/drivers/ip/subsystem/uart/dfss_uart_obj.o
 .text.uart_rx_cb2
                0x2000b008        0xc obj_iotdk_10/gnu_arcem9d/board/iotdk/drivers/ip/subsystem/uart/dfss_uart_obj.o
 .text.uart_rx_cb3
                0x2000b014        0xc obj_iotdk_10/gnu_arcem9d/board/iotdk/drivers/ip/subsystem/uart/dfss_uart_obj.o
 .text.uart_tx_cb0
                0x2000b020        0xc obj_iotdk_10/gnu_arcem9d/board/iotdk/drivers/ip/subsystem/uart/dfss_uart_obj.o
 .text.uart_tx_cb1
                0x2000b02c        0xc obj_iotdk_10/gnu_arcem9d/board/iotdk/drivers/ip/subsystem/uart/dfss_uart_obj.o
 .text.uart_tx_cb2
                0x2000b038        0xc obj_iotdk_10/gnu_arcem9d/board/iotdk/drivers/ip/subsystem/uart/dfss_uart_obj.o
 .text.uart_tx_cb3
                0x2000b044        0xc obj_iotdk_10/gnu_arcem9d/board/iotdk/drivers/ip/subsystem/uart/dfss_uart_obj.o
 .text.dfss_uart_all_install
                0x2000b050      0x128 obj_iotdk_10/gnu_arcem9d/board/iotdk/drivers/ip/subsystem/uart/dfss_uart_obj.o
                0x2000b050                dfss_uart_all_install
 .text.uart_get_dev
                0x2000b178       0x5c obj_iotdk_10/gnu_arcem9d/board/iotdk/drivers/ip/subsystem/uart/dfss_uart_obj.o
                0x2000b178                uart_get_dev
 .text.set_dps  0x2000b1d4       0x94 obj_iotdk_10/gnu_arcem9d/device/ip/subsystem/uart/ss_uart.o
 .text.ss_uart_open
                0x2000b268       0xdc obj_iotdk_10/gnu_arcem9d/device/ip/subsystem/uart/ss_uart.o
                0x2000b268                ss_uart_open
 .text.ss_uart_close
                0x2000b344       0x34 obj_iotdk_10/gnu_arcem9d/device/ip/subsystem/uart/ss_uart.o
                0x2000b344                ss_uart_close
 .text.ss_uart_control
                0x2000b378      0x194 obj_iotdk_10/gnu_arcem9d/device/ip/subsystem/uart/ss_uart.o
                0x2000b378                ss_uart_control
 .text.ss_uart_write
                0x2000b50c       0xb0 obj_iotdk_10/gnu_arcem9d/device/ip/subsystem/uart/ss_uart.o
                0x2000b50c                ss_uart_write
 .text.ss_uart_read
                0x2000b5bc       0xb4 obj_iotdk_10/gnu_arcem9d/device/ip/subsystem/uart/ss_uart.o
                0x2000b5bc                ss_uart_read
 .text.ss_uart_tx_cb
                0x2000b670       0x20 obj_iotdk_10/gnu_arcem9d/device/ip/subsystem/uart/ss_uart.o
                0x2000b670                ss_uart_tx_cb
 .text.ss_uart_rx_cb
                0x2000b690       0x20 obj_iotdk_10/gnu_arcem9d/device/ip/subsystem/uart/ss_uart.o
                0x2000b690                ss_uart_rx_cb
 .text.ss_uart_err_cb
                0x2000b6b0       0x14 obj_iotdk_10/gnu_arcem9d/device/ip/subsystem/uart/ss_uart.o
                0x2000b6b0                ss_uart_err_cb
 .text.uart0_dmatx_ISR
                0x2000b6c4        0x4 obj_iotdk_10/gnu_arcem9d/device/ip/subsystem/uart/uart.o
 .text.uart_isr_proc
                0x2000b6c8      0x33c obj_iotdk_10/gnu_arcem9d/device/ip/subsystem/uart/uart.o
 .text.uart3_ISR
                0x2000ba04        0x8 obj_iotdk_10/gnu_arcem9d/device/ip/subsystem/uart/uart.o
 .text.uart2_ISR
                0x2000ba0c        0x8 obj_iotdk_10/gnu_arcem9d/device/ip/subsystem/uart/uart.o
 .text.uart1_ISR
                0x2000ba14        0x8 obj_iotdk_10/gnu_arcem9d/device/ip/subsystem/uart/uart.o
 .text.uart0_ISR
                0x2000ba1c        0x8 obj_iotdk_10/gnu_arcem9d/device/ip/subsystem/uart/uart.o
 .text.uart3_dmarx_ISR
                0x2000ba24        0x4 obj_iotdk_10/gnu_arcem9d/device/ip/subsystem/uart/uart.o
 .text.uart0_dmarx_ISR
                0x2000ba28        0x4 obj_iotdk_10/gnu_arcem9d/device/ip/subsystem/uart/uart.o
 .text.uart1_dmatx_ISR
                0x2000ba2c        0x4 obj_iotdk_10/gnu_arcem9d/device/ip/subsystem/uart/uart.o
 .text.uart1_dmarx_ISR
                0x2000ba30        0x4 obj_iotdk_10/gnu_arcem9d/device/ip/subsystem/uart/uart.o
 .text.uart2_dmatx_ISR
                0x2000ba34        0x4 obj_iotdk_10/gnu_arcem9d/device/ip/subsystem/uart/uart.o
 .text.uart2_dmarx_ISR
                0x2000ba38        0x4 obj_iotdk_10/gnu_arcem9d/device/ip/subsystem/uart/uart.o
 .text.uart3_dmatx_ISR
                0x2000ba3c        0x4 obj_iotdk_10/gnu_arcem9d/device/ip/subsystem/uart/uart.o
 .text.io_uart_open
                0x2000ba40       0xc8 obj_iotdk_10/gnu_arcem9d/device/ip/subsystem/uart/uart.o
                0x2000ba40                io_uart_open
 .text.io_uart_close
                0x2000bb08       0x68 obj_iotdk_10/gnu_arcem9d/device/ip/subsystem/uart/uart.o
                0x2000bb08                io_uart_close
 .text.io_uart_read
                0x2000bb70       0x58 obj_iotdk_10/gnu_arcem9d/device/ip/subsystem/uart/uart.o
                0x2000bb70                io_uart_read
 .text.io_uart_write
                0x2000bbc8       0x80 obj_iotdk_10/gnu_arcem9d/device/ip/subsystem/uart/uart.o
                0x2000bbc8                io_uart_write
 .text.io_uart_ioctl
                0x2000bc48      0x1c0 obj_iotdk_10/gnu_arcem9d/device/ip/subsystem/uart/uart.o
                0x2000bc48                io_uart_ioctl
 .text          0x2000be08       0x10 c:/arc_gnu/bin/../lib/gcc/arc-elf32/8.3.1/../../../../arc-elf32/lib/em4_fpuda\libc.a(lib_a-malloc.o)
                0x2000be08                malloc
                0x2000be10                free
 .text          0x2000be18      0x718 c:/arc_gnu/bin/../lib/gcc/arc-elf32/8.3.1/../../../../arc-elf32/lib/em4_fpuda\libc.a(lib_a-mallocr.o)
                0x2000be18                _malloc_r
 .text          0x2000c530       0x80 c:/arc_gnu/bin/../lib/gcc/arc-elf32/8.3.1/../../../../arc-elf32/lib/em4_fpuda\libc.a(lib_a-memcpy-bs.o)
                0x2000c530                memcpy
 .text          0x2000c5b0        0x8 c:/arc_gnu/bin/../lib/gcc/arc-elf32/8.3.1/../../../../arc-elf32/lib/em4_fpuda\libc.a(lib_a-mlock.o)
                0x2000c5b0                __malloc_lock
                0x2000c5b4                __malloc_unlock
 .text          0x2000c5b8       0x5c c:/arc_gnu/bin/../lib/gcc/arc-elf32/8.3.1/../../../../arc-elf32/lib/em4_fpuda\libc.a(lib_a-printf.o)
                0x2000c5b8                _printf_r
                0x2000c5e0                printf
 .text          0x2000c614       0x80 c:/arc_gnu/bin/../lib/gcc/arc-elf32/8.3.1/../../../../arc-elf32/lib/em4_fpuda\libc.a(lib_a-puts.o)
                0x2000c614                _puts_r
                0x2000c68c                puts
 .text          0x2000c694       0x38 c:/arc_gnu/bin/../lib/gcc/arc-elf32/8.3.1/../../../../arc-elf32/lib/em4_fpuda\libc.a(lib_a-sbrkr.o)
                0x2000c694                _sbrk_r
 .text          0x2000c6cc       0x88 c:/arc_gnu/bin/../lib/gcc/arc-elf32/8.3.1/../../../../arc-elf32/lib/em4_fpuda\libc.a(lib_a-strlen-bs-norm.o)
                0x2000c6cc                strlen
 .text          0x2000c754     0x18f8 c:/arc_gnu/bin/../lib/gcc/arc-elf32/8.3.1/../../../../arc-elf32/lib/em4_fpuda\libc.a(lib_a-vfprintf.o)
                0x2000c754                _vfprintf_r
                0x2000dfa4                vfprintf
 .text          0x2000e04c       0xe8 c:/arc_gnu/bin/../lib/gcc/arc-elf32/8.3.1/../../../../arc-elf32/lib/em4_fpuda\libc.a(lib_a-wsetup.o)
                0x2000e04c                __swsetup_r
 .text          0x2000e134     0x12b4 c:/arc_gnu/bin/../lib/gcc/arc-elf32/8.3.1/../../../../arc-elf32/lib/em4_fpuda\libc.a(lib_a-dtoa.o)
                0x2000e2b0                _dtoa_r
 .text          0x2000f3e8      0x1d4 c:/arc_gnu/bin/../lib/gcc/arc-elf32/8.3.1/../../../../arc-elf32/lib/em4_fpuda\libc.a(lib_a-fflush.o)
                0x2000f3e8                __sflush_r
                0x2000f55c                _fflush_r
                0x2000f59c                fflush
 .text          0x2000f5bc      0x290 c:/arc_gnu/bin/../lib/gcc/arc-elf32/8.3.1/../../../../arc-elf32/lib/em4_fpuda\libc.a(lib_a-findfp.o)
                0x2000f5c0                _cleanup_r
                0x2000f704                __sfmoreglue
                0x2000f748                __sfp
                0x2000f804                _cleanup
                0x2000f818                __sinit
                0x2000f824                __sfp_lock_acquire
                0x2000f828                __sfp_lock_release
                0x2000f82c                __sinit_lock_acquire
                0x2000f830                __sinit_lock_release
                0x2000f834                __fp_lock_all
                0x2000f840                __fp_unlock_all
 .text          0x2000f84c      0x3b8 c:/arc_gnu/bin/../lib/gcc/arc-elf32/8.3.1/../../../../arc-elf32/lib/em4_fpuda\libc.a(lib_a-freer.o)
                0x2000f84c                _malloc_trim_r
                0x2000f920                _free_r
 .text          0x2000fc04      0x390 c:/arc_gnu/bin/../lib/gcc/arc-elf32/8.3.1/../../../../arc-elf32/lib/em4_fpuda\libc.a(lib_a-fvwrite.o)
                0x2000fc04                __sfvwrite_r
 .text          0x2000ff94       0xfc c:/arc_gnu/bin/../lib/gcc/arc-elf32/8.3.1/../../../../arc-elf32/lib/em4_fpuda\libc.a(lib_a-fwalk.o)
                0x2000ff94                _fwalk
                0x2001000c                _fwalk_reent
 .text          0x20010090       0x18 c:/arc_gnu/bin/../lib/gcc/arc-elf32/8.3.1/../../../../arc-elf32/lib/em4_fpuda\libc.a(lib_a-localeconv.o)
                0x20010090                __localeconv_l
                0x20010098                _localeconv_r
                0x200100a0                localeconv
 .text          0x200100a8      0x13c c:/arc_gnu/bin/../lib/gcc/arc-elf32/8.3.1/../../../../arc-elf32/lib/em4_fpuda\libc.a(lib_a-makebuf.o)
                0x200100a8                __swhatbuf_r
                0x20010130                __smakebuf_r
 .text          0x200101e4       0xc8 c:/arc_gnu/bin/../lib/gcc/arc-elf32/8.3.1/../../../../arc-elf32/lib/em4_fpuda\libc.a(lib_a-memchr.o)
                0x200101e4                memchr
 .text          0x200102ac      0x100 c:/arc_gnu/bin/../lib/gcc/arc-elf32/8.3.1/../../../../arc-elf32/lib/em4_fpuda\libc.a(lib_a-memmove.o)
                0x200102ac                memmove
 .text          0x200103ac       0x6c c:/arc_gnu/bin/../lib/gcc/arc-elf32/8.3.1/../../../../arc-elf32/lib/em4_fpuda\libc.a(lib_a-memset-bs.o)
                0x200103ac                memset
                0x20010400                __strncpy_bzero
 .text          0x20010418      0xb78 c:/arc_gnu/bin/../lib/gcc/arc-elf32/8.3.1/../../../../arc-elf32/lib/em4_fpuda\libc.a(lib_a-mprec.o)
                0x20010418                _Balloc
                0x20010488                _Bfree
                0x2001049c                __multadd
                0x20010564                __s2b
                0x20010638                __hi0bits
                0x20010680                __lo0bits
                0x20010704                __i2b
                0x20010720                __multiply
                0x20010898                __pow5mult
                0x20010968                __lshift
                0x20010a68                __mcmp
                0x20010aac                __mdiff
                0x20010bfc                __ulp
                0x20010c50                __b2d
                0x20010d34                __d2b
                0x20010e14                __ratio
                0x20010e8c                _mprec_log10
                0x20010ed0                __copybits
                0x20010f38                __any_on
 .text          0x20010f90      0x480 c:/arc_gnu/bin/../lib/gcc/arc-elf32/8.3.1/../../../../arc-elf32/lib/em4_fpuda\libc.a(lib_a-reallocr.o)
                0x20010f90                _realloc_r
 .text          0x20011410       0xc8 c:/arc_gnu/bin/../lib/gcc/arc-elf32/8.3.1/../../../../arc-elf32/lib/em4_fpuda\libc.a(lib_a-stdio.o)
                0x20011410                __sread
                0x20011440                __seofread
                0x20011444                __swrite
                0x20011498                __sseek
                0x200114d0                __sclose
 .text          0x200114d8     0x102c c:/arc_gnu/bin/../lib/gcc/arc-elf32/8.3.1/../../../../arc-elf32/lib/em4_fpuda\libc.a(lib_a-vfiprintf.o)
                0x20011590                __sprint_r
                0x200115a4                _vfiprintf_r
                0x2001245c                vfiprintf
 .text          0x20012504       0x3c c:/arc_gnu/bin/../lib/gcc/arc-elf32/8.3.1/../../../../arc-elf32/lib/em4_fpuda\libc.a(lib_a-writer.o)
                0x20012504                _write_r
 .text          0x20012540       0x90 c:/arc_gnu/bin/../lib/gcc/arc-elf32/8.3.1/../../../../arc-elf32/lib/em4_fpuda\libc.a(lib_a-callocr.o)
                0x20012540                _calloc_r
 .text          0x200125d0       0x38 c:/arc_gnu/bin/../lib/gcc/arc-elf32/8.3.1/../../../../arc-elf32/lib/em4_fpuda\libc.a(lib_a-closer.o)
                0x200125d0                _close_r
 .text          0x20012608       0xac c:/arc_gnu/bin/../lib/gcc/arc-elf32/8.3.1/../../../../arc-elf32/lib/em4_fpuda\libc.a(lib_a-fclose.o)
                0x20012608                _fclose_r
                0x200126ac                fclose
 .text          0x200126b4      0x138 c:/arc_gnu/bin/../lib/gcc/arc-elf32/8.3.1/../../../../arc-elf32/lib/em4_fpuda\libc.a(lib_a-fputwc.o)
                0x200126b4                __fputwc
                0x2001277c                _fputwc_r
                0x20012798                fputwc
 .text          0x200127ec       0x38 c:/arc_gnu/bin/../lib/gcc/arc-elf32/8.3.1/../../../../arc-elf32/lib/em4_fpuda\libc.a(lib_a-fstatr.o)
                0x200127ec                _fstat_r
 .text          0x20012824       0x38 c:/arc_gnu/bin/../lib/gcc/arc-elf32/8.3.1/../../../../arc-elf32/lib/em4_fpuda\libc.a(lib_a-isattyr.o)
                0x20012824                _isatty_r
 .text          0x2001285c       0x64 c:/arc_gnu/bin/../lib/gcc/arc-elf32/8.3.1/../../../../arc-elf32/lib/em4_fpuda\libc.a(lib_a-locale.o)
                0x2001285c                _setlocale_r
                0x200128a8                __locale_mb_cur_max
                0x200128b4                setlocale
 .text          0x200128c0       0x3c c:/arc_gnu/bin/../lib/gcc/arc-elf32/8.3.1/../../../../arc-elf32/lib/em4_fpuda\libc.a(lib_a-lseekr.o)
                0x200128c0                _lseek_r
 .text          0x200128fc       0x54 c:/arc_gnu/bin/../lib/gcc/arc-elf32/8.3.1/../../../../arc-elf32/lib/em4_fpuda\libc.a(lib_a-mbtowc_r.o)
                0x200128fc                _mbtowc_r
                0x20012908                __ascii_mbtowc
 .text          0x20012950       0x3c c:/arc_gnu/bin/../lib/gcc/arc-elf32/8.3.1/../../../../arc-elf32/lib/em4_fpuda\libc.a(lib_a-readr.o)
                0x20012950                _read_r
 .text          0x2001298c       0x90 c:/arc_gnu/bin/../lib/gcc/arc-elf32/8.3.1/../../../../arc-elf32/lib/em4_fpuda\libc.a(lib_a-strcmp.o)
                0x2001298c                strcmp
 .text          0x20012a1c       0xec c:/arc_gnu/bin/../lib/gcc/arc-elf32/8.3.1/../../../../arc-elf32/lib/em4_fpuda\libc.a(lib_a-wbuf.o)
                0x20012a1c                __swbuf_r
                0x20012afc                __swbuf
 .text          0x20012b08       0xac c:/arc_gnu/bin/../lib/gcc/arc-elf32/8.3.1/../../../../arc-elf32/lib/em4_fpuda\libc.a(lib_a-wcrtomb.o)
                0x20012b08                _wcrtomb_r
                0x20012b58                wcrtomb
 .text          0x20012bb4       0x34 c:/arc_gnu/bin/../lib/gcc/arc-elf32/8.3.1/../../../../arc-elf32/lib/em4_fpuda\libc.a(lib_a-wctomb_r.o)
                0x20012bb4                _wctomb_r
                0x20012bc0                __ascii_wctomb
 .text.__udivdi3
                0x20012be8      0x364 c:/arc_gnu/bin/../lib/gcc/arc-elf32/8.3.1/em4_fpuda\libgcc.a(_udivdi3.o)
                0x20012be8                __udivdi3
 .text.__umoddi3
                0x20012f4c      0x300 c:/arc_gnu/bin/../lib/gcc/arc-elf32/8.3.1/em4_fpuda\libgcc.a(_umoddi3.o)
                0x20012f4c                __umoddi3
 .text.__pack_d
                0x2001324c      0x1bc c:/arc_gnu/bin/../lib/gcc/arc-elf32/8.3.1/em4_fpuda\libgcc.a(dp-bit.o)
                0x2001324c                __pack_d
 .text.__unpack_d
                0x20013408       0xb8 c:/arc_gnu/bin/../lib/gcc/arc-elf32/8.3.1/em4_fpuda\libgcc.a(dp-bit.o)
                0x20013408                __unpack_d
 .text.__divdf3
                0x200134c0      0x168 c:/arc_gnu/bin/../lib/gcc/arc-elf32/8.3.1/em4_fpuda\libgcc.a(dp-bit.o)
                0x200134c0                __divdf3
 .text.__fpcmp_parts_d
                0x20013628       0xc4 c:/arc_gnu/bin/../lib/gcc/arc-elf32/8.3.1/em4_fpuda\libgcc.a(dp-bit.o)
                0x20013628                __fpcmp_parts_d
 .text.__eqdf2  0x200136ec       0x40 c:/arc_gnu/bin/../lib/gcc/arc-elf32/8.3.1/em4_fpuda\libgcc.a(dp-bit.o)
                0x200136ec                __eqdf2
 .text.__nedf2  0x2001372c        0x4 c:/arc_gnu/bin/../lib/gcc/arc-elf32/8.3.1/em4_fpuda\libgcc.a(dp-bit.o)
                0x2001372c                __nedf2
 .text.__gtdf2  0x20013730       0x40 c:/arc_gnu/bin/../lib/gcc/arc-elf32/8.3.1/em4_fpuda\libgcc.a(dp-bit.o)
                0x20013730                __gtdf2
 .text.__gedf2  0x20013770        0x4 c:/arc_gnu/bin/../lib/gcc/arc-elf32/8.3.1/em4_fpuda\libgcc.a(dp-bit.o)
                0x20013770                __gedf2
 .text.__ltdf2  0x20013774        0x4 c:/arc_gnu/bin/../lib/gcc/arc-elf32/8.3.1/em4_fpuda\libgcc.a(dp-bit.o)
                0x20013774                __ltdf2
 .text.__ledf2  0x20013778        0x4 c:/arc_gnu/bin/../lib/gcc/arc-elf32/8.3.1/em4_fpuda\libgcc.a(dp-bit.o)
                0x20013778                __ledf2
 .text.__unorddf2
                0x2001377c       0x34 c:/arc_gnu/bin/../lib/gcc/arc-elf32/8.3.1/em4_fpuda\libgcc.a(dp-bit.o)
                0x2001377c                __unorddf2
 .text.__floatsidf
                0x200137b0       0x7c c:/arc_gnu/bin/../lib/gcc/arc-elf32/8.3.1/em4_fpuda\libgcc.a(dp-bit.o)
                0x200137b0                __floatsidf
 .text.__floatunsidf
                0x2001382c       0x64 c:/arc_gnu/bin/../lib/gcc/arc-elf32/8.3.1/em4_fpuda\libgcc.a(dp-bit.o)
                0x2001382c                __floatunsidf
 .text.__fixdfsi
                0x20013890       0x90 c:/arc_gnu/bin/../lib/gcc/arc-elf32/8.3.1/em4_fpuda\libgcc.a(dp-bit.o)
                0x20013890                __fixdfsi
 .text._sbrk    0x20013920       0x40 obj_iotdk_10/gnu_arcem9d/library/clib/embarc_sbrk.o
                0x20013920                _sbrk
 .text.init_stdio_serial.part.0
                0x20013960       0x54 obj_iotdk_10/gnu_arcem9d/library/clib/embarc_syscalls.o
 .text._close   0x200139b4        0x8 obj_iotdk_10/gnu_arcem9d/library/clib/embarc_syscalls.o
                0x200139b4                _close
 .text._read    0x200139bc       0x68 obj_iotdk_10/gnu_arcem9d/library/clib/embarc_syscalls.o
                0x200139bc                _read
 .text._write   0x20013a24       0xac obj_iotdk_10/gnu_arcem9d/library/clib/embarc_syscalls.o
                0x20013a24                _write
 .text._lseek   0x20013ad0        0x8 obj_iotdk_10/gnu_arcem9d/library/clib/embarc_syscalls.o
                0x20013ad0                _lseek
 .text._isatty  0x20013ad8       0x10 obj_iotdk_10/gnu_arcem9d/library/clib/embarc_syscalls.o
                0x20013ad8                _isatty
 .text._fstat   0x20013ae8       0x1c obj_iotdk_10/gnu_arcem9d/library/clib/embarc_syscalls.o
                0x20013ae8                _fstat
 .text          0x20013b04        0x4 c:/arc_gnu/bin/../lib/gcc/arc-elf32/8.3.1/../../../../arc-elf32/lib/em4_fpuda\libc.a(lib_a-errno.o)
                0x20013b04                __errno
                0x20013b08                _e_text = .

.rodata         0x20013b08     0x5f68
                0x20013b08                _f_rodata = .
                0x20013b08                . = ALIGN (0x4)
                0x20013b08                __CTOR_LIST__ = .
                0x20013b08        0x4 LONG 0x0 (((__CTOR_END__ - __CTOR_LIST__) / 0x4) - 0x2)
 *(SORT_BY_NAME(.ctors*))
                0x20013b0c        0x4 LONG 0x0
                0x20013b10                __CTOR_END__ = .
                0x20013b10                . = ALIGN (0x4)
                0x20013b10                __init_array_start = .
 *(SORT_BY_NAME(.init_array*))
                0x20013b10                __init_array_end = .
                0x20013b10                . = ALIGN (0x4)
                0x20013b10                __DTOR_LIST__ = .
                0x20013b10        0x4 LONG 0x0 (((__DTOR_END__ - __DTOR_LIST__) / 0x4) - 0x2)
 *(SORT_BY_NAME(.dtors*))
                0x20013b14        0x4 LONG 0x0
                0x20013b18                __DTOR_END__ = .
 *(.rodata .rodata.* .gnu.linkonce.r.*)
 .rodata.main.str1.4
                0x20013b18      0x622 obj_iotdk_10/gnu_arcem9d/application/./main.o
                                0x624 (size before relaxing)
 *fill*         0x2001413a        0x2 
 .rodata.IN_IMG_121
                0x2001413c      0x320 obj_iotdk_10/gnu_arcem9d/application/./main.o
                0x2001413c                IN_IMG_121
 .rodata.IN_IMG_119
                0x2001445c      0x320 obj_iotdk_10/gnu_arcem9d/application/./main.o
                0x2001445c                IN_IMG_119
 .rodata.IN_IMG_170
                0x2001477c      0x320 obj_iotdk_10/gnu_arcem9d/application/./main.o
                0x2001477c                IN_IMG_170
 .rodata.IN_IMG_14
                0x20014a9c      0x320 obj_iotdk_10/gnu_arcem9d/application/./main.o
                0x20014a9c                IN_IMG_14
 .rodata.IN_IMG_117
                0x20014dbc      0x320 obj_iotdk_10/gnu_arcem9d/application/./main.o
                0x20014dbc                IN_IMG_117
 .rodata.IN_IMG_84
                0x200150dc      0x320 obj_iotdk_10/gnu_arcem9d/application/./main.o
                0x200150dc                IN_IMG_84
 .rodata.IN_IMG_136
                0x200153fc      0x320 obj_iotdk_10/gnu_arcem9d/application/./main.o
                0x200153fc                IN_IMG_136
 .rodata.IN_IMG_49
                0x2001571c      0x320 obj_iotdk_10/gnu_arcem9d/application/./main.o
                0x2001571c                IN_IMG_49
 .rodata.IN_IMG_189
                0x20015a3c      0x320 obj_iotdk_10/gnu_arcem9d/application/./main.o
                0x20015a3c                IN_IMG_189
 .rodata.IN_IMG_116
                0x20015d5c      0x320 obj_iotdk_10/gnu_arcem9d/application/./main.o
                0x20015d5c                IN_IMG_116
 .rodata.IN_IMG_211
                0x2001607c      0x320 obj_iotdk_10/gnu_arcem9d/application/./main.o
                0x2001607c                IN_IMG_211
 .rodata.IN_IMG_46
                0x2001639c      0x320 obj_iotdk_10/gnu_arcem9d/application/./main.o
                0x2001639c                IN_IMG_46
 .rodata.IN_IMG_21
                0x200166bc      0x320 obj_iotdk_10/gnu_arcem9d/application/./main.o
                0x200166bc                IN_IMG_21
 .rodata.IN_IMG_112
                0x200169dc      0x320 obj_iotdk_10/gnu_arcem9d/application/./main.o
                0x200169dc                IN_IMG_112
 .rodata.IN_IMG_66
                0x20016cfc      0x320 obj_iotdk_10/gnu_arcem9d/application/./main.o
                0x20016cfc                IN_IMG_66
 .rodata.IN_IMG_91
                0x2001701c      0x320 obj_iotdk_10/gnu_arcem9d/application/./main.o
                0x2001701c                IN_IMG_91
 .rodata.IN_IMG_50
                0x2001733c      0x320 obj_iotdk_10/gnu_arcem9d/application/./main.o
                0x2001733c                IN_IMG_50
 .rodata.IN_IMG_75
                0x2001765c      0x320 obj_iotdk_10/gnu_arcem9d/application/./main.o
                0x2001765c                IN_IMG_75
 .rodata.IN_IMG_7
                0x2001797c      0x320 obj_iotdk_10/gnu_arcem9d/application/./main.o
                0x2001797c                IN_IMG_7
 .rodata.IN_IMG_43
                0x20017c9c      0x320 obj_iotdk_10/gnu_arcem9d/application/./main.o
                0x20017c9c                IN_IMG_43
 .rodata.IN_IMG_81
                0x20017fbc      0x320 obj_iotdk_10/gnu_arcem9d/application/./main.o
                0x20017fbc                IN_IMG_81
 .rodata.IN_IMG_17
                0x200182dc      0x320 obj_iotdk_10/gnu_arcem9d/application/./main.o
                0x200182dc                IN_IMG_17
 .rodata.shared_pool_cfg
                0x200185fc        0x8 obj_iotdk_10/gnu_arcem9d/application/./model_chw.o
 .rodata.shared_conv_cfg
                0x20018604        0xc obj_iotdk_10/gnu_arcem9d/application/./model_chw.o
 .rodata.permute_hwc2chw_cfg
                0x20018610        0x4 obj_iotdk_10/gnu_arcem9d/application/./model_chw.o
 .rodata.defect_net_output
                0x20018614        0x4 obj_iotdk_10/gnu_arcem9d/application/./model_chw.o
                0x20018614                defect_net_output
 .rodata.defect_net_input
                0x20018618        0x4 obj_iotdk_10/gnu_arcem9d/application/./model_chw.o
                0x20018618                defect_net_input
 .rodata.L4_fc5_b
                0x2001861c       0x24 obj_iotdk_10/gnu_arcem9d/application/./model_tensors.o
                0x2001861c                L4_fc5_b
 .rodata.L4_fc5_wt
                0x20018640       0x24 obj_iotdk_10/gnu_arcem9d/application/./model_tensors.o
                0x20018640                L4_fc5_wt
 .rodata.L4_fc5_out_frac_bits
                0x20018664        0x1 obj_iotdk_10/gnu_arcem9d/application/./model_tensors.o
                0x20018664                L4_fc5_out_frac_bits
 *fill*         0x20018665        0x3 
 .rodata.L3_fc4_b
                0x20018668       0x24 obj_iotdk_10/gnu_arcem9d/application/./model_tensors.o
                0x20018668                L3_fc4_b
 .rodata.L3_fc4_wt
                0x2001868c       0x24 obj_iotdk_10/gnu_arcem9d/application/./model_tensors.o
                0x2001868c                L3_fc4_wt
 .rodata.L3_fc4_out_frac_bits
                0x200186b0        0x1 obj_iotdk_10/gnu_arcem9d/application/./model_tensors.o
                0x200186b0                L3_fc4_out_frac_bits
 *fill*         0x200186b1        0x3 
 .rodata.L2_conv2_b
                0x200186b4       0x24 obj_iotdk_10/gnu_arcem9d/application/./model_tensors.o
                0x200186b4                L2_conv2_b
 .rodata.L2_conv2_wt
                0x200186d8       0x24 obj_iotdk_10/gnu_arcem9d/application/./model_tensors.o
                0x200186d8                L2_conv2_wt
 .rodata.L2_conv2_out_frac_bits
                0x200186fc        0x1 obj_iotdk_10/gnu_arcem9d/application/./model_tensors.o
                0x200186fc                L2_conv2_out_frac_bits
 *fill*         0x200186fd        0x3 
 .rodata.L1_conv1_b
                0x20018700       0x24 obj_iotdk_10/gnu_arcem9d/application/./model_tensors.o
                0x20018700                L1_conv1_b
 .rodata.L1_conv1_wt
                0x20018724       0x24 obj_iotdk_10/gnu_arcem9d/application/./model_tensors.o
                0x20018724                L1_conv1_wt
 .rodata.L1_conv1_out_frac_bits
                0x20018748        0x1 obj_iotdk_10/gnu_arcem9d/application/./model_tensors.o
                0x20018748                L1_conv1_out_frac_bits
 *fill*         0x20018749        0x3 
 .rodata.str1.4
                0x2001874c        0x5 obj_iotdk_10/gnu_arcem9d/board/board.o
                                  0x8 (size before relaxing)
 *fill*         0x20018751        0x3 
 .rodata.pll_configuration
                0x20018754       0x58 obj_iotdk_10/gnu_arcem9d/board/iotdk/drivers/sysconf/sysconf.o
 .rodata.xprintf_setup.str1.4
                0x200187ac      0x320 obj_iotdk_10/gnu_arcem9d/middleware/common/console_io.o
 .rodata.xvprintf
                0x20018acc       0x5c obj_iotdk_10/gnu_arcem9d/middleware/common/xprintf/xprintf.o
 .rodata.int_handler_default.str1.4
                0x20018b28       0x3c obj_iotdk_10/gnu_arcem9d/arc/arc_exception.o
 .rodata.dump_protv_access_err.str1.4
                0x20018b64       0x7a obj_iotdk_10/gnu_arcem9d/arc/arc_exception.o
                                 0x7c (size before relaxing)
 *fill*         0x20018bde        0x2 
 .rodata.dump_protv_access_err
                0x20018be0      0x110 obj_iotdk_10/gnu_arcem9d/arc/arc_exception.o
 .rodata.exc_handler_default.str1.4
                0x20018cf0      0x5d9 obj_iotdk_10/gnu_arcem9d/arc/arc_exception.o
                                0x5e0 (size before relaxing)
 *fill*         0x200192c9        0x3 
 .rodata.exc_handler_default
                0x200192cc       0xd8 obj_iotdk_10/gnu_arcem9d/arc/arc_exception.o
 .rodata.CSWTCH.1
                0x200193a4       0x10 obj_iotdk_10/gnu_arcem9d/board/iotdk/drivers/ip/subsystem/uart/dfss_uart_obj.o
 .rodata.ss_uart_control
                0x200193b4       0x48 obj_iotdk_10/gnu_arcem9d/device/ip/subsystem/uart/ss_uart.o
 .rodata.uart_isr_proc
                0x200193fc       0x20 obj_iotdk_10/gnu_arcem9d/device/ip/subsystem/uart/uart.o
 .rodata.io_uart_ioctl
                0x2001941c       0x98 obj_iotdk_10/gnu_arcem9d/device/ip/subsystem/uart/uart.o
 .rodata.str1.4
                0x200194b4        0x4 c:/arc_gnu/bin/../lib/gcc/arc-elf32/8.3.1/../../../../arc-elf32/lib/em4_fpuda\libc.a(lib_a-puts.o)
 .rodata.str1.4
                0x200194b4       0x42 c:/arc_gnu/bin/../lib/gcc/arc-elf32/8.3.1/../../../../arc-elf32/lib/em4_fpuda\libc.a(lib_a-vfprintf.o)
                                 0x44 (size before relaxing)
 *fill*         0x200194f6        0x2 
 .rodata        0x200194f8      0x184 c:/arc_gnu/bin/../lib/gcc/arc-elf32/8.3.1/../../../../arc-elf32/lib/em4_fpuda\libc.a(lib_a-vfprintf.o)
 .rodata.str1.4
                0x2001967c        0xd c:/arc_gnu/bin/../lib/gcc/arc-elf32/8.3.1/../../../../arc-elf32/lib/em4_fpuda\libc.a(lib_a-dtoa.o)
                                 0x14 (size before relaxing)
 *fill*         0x20019689        0x3 
 .rodata        0x2001968c       0x10 c:/arc_gnu/bin/../lib/gcc/arc-elf32/8.3.1/../../../../arc-elf32/lib/em4_fpuda\libc.a(lib_a-dtoa.o)
 .rodata        0x2001969c        0x4 c:/arc_gnu/bin/../lib/gcc/arc-elf32/8.3.1/../../../../arc-elf32/lib/em4_fpuda\libc.a(lib_a-impure.o)
                0x2001969c                _global_impure_ptr
 .rodata        0x200196a0      0x124 c:/arc_gnu/bin/../lib/gcc/arc-elf32/8.3.1/../../../../arc-elf32/lib/em4_fpuda\libc.a(lib_a-mprec.o)
                0x200196ac                __mprec_tinytens
                0x200196d4                __mprec_bigtens
                0x200196fc                __mprec_tens
 .rodata.str1.4
                0x200197c4       0x30 c:/arc_gnu/bin/../lib/gcc/arc-elf32/8.3.1/../../../../arc-elf32/lib/em4_fpuda\libc.a(lib_a-vfiprintf.o)
 .rodata        0x200197c4      0x184 c:/arc_gnu/bin/../lib/gcc/arc-elf32/8.3.1/../../../../arc-elf32/lib/em4_fpuda\libc.a(lib_a-vfiprintf.o)
 .rodata.str1.4
                0x20019948       0x10 c:/arc_gnu/bin/../lib/gcc/arc-elf32/8.3.1/../../../../arc-elf32/lib/em4_fpuda\libc.a(lib_a-locale.o)
                                 0x14 (size before relaxing)
 .rodata        0x20019958      0x104 c:/arc_gnu/bin/../lib/gcc/arc-elf32/8.3.1/../../../../arc-elf32/lib/em4_fpuda\libc.a(lib_a-ctype_.o)
                0x20019958                _ctype_
 .rodata.__thenan_df
                0x20019a5c       0x14 c:/arc_gnu/bin/../lib/gcc/arc-elf32/8.3.1/em4_fpuda\libgcc.a(dp-bit.o)
                0x20019a5c                __thenan_df
                0x20019a70                _e_rodata = .

.data           0x800068bc      0xe84 load address 0x20019a70
                0x800068bc                _f_data = .
 *(.data .data.* .gnu.linkonce.d.*)
 .data.IMAGE_LIST
                0x800068bc       0x58 obj_iotdk_10/gnu_arcem9d/application/./main.o
                0x800068bc                IMAGE_LIST
 .data.ir_tensor_Y
                0x80006914       0x24 obj_iotdk_10/gnu_arcem9d/application/./model_chw.o
 .data.ir_tensor_X
                0x80006938       0x24 obj_iotdk_10/gnu_arcem9d/application/./model_chw.o
 .data.output   0x8000695c       0x24 obj_iotdk_10/gnu_arcem9d/application/./model_chw.o
 .data.input    0x80006980       0x24 obj_iotdk_10/gnu_arcem9d/application/./model_chw.o
 .data.s_main_args
                0x800069a4        0x8 obj_iotdk_10/gnu_arcem9d/board/board.o
                0x800069a4                s_main_args
 .data.sysconf_reg_ptr
                0x800069ac        0x4 obj_iotdk_10/gnu_arcem9d/board/iotdk/drivers/sysconf/sysconf.o
                0x800069ac                sysconf_reg_ptr
 .data.gl_count
                0x800069b0        0x4 obj_iotdk_10/gnu_arcem9d/arc/arc_timer.o
                0x800069b0                gl_count
 .data.gl_loops_per_jiffy
                0x800069b4        0x8 obj_iotdk_10/gnu_arcem9d/arc/arc_timer.o
                0x800069b4                gl_loops_per_jiffy
 .data.exc_int_handler_table
                0x800069bc      0x1bc obj_iotdk_10/gnu_arcem9d/arc/arc_exception.o
                0x800069bc                exc_int_handler_table
 .data.uart_context3
                0x80006b78       0x1c obj_iotdk_10/gnu_arcem9d/board/iotdk/drivers/ip/subsystem/uart/dfss_uart_obj.o
 .data.uart_context2
                0x80006b94       0x1c obj_iotdk_10/gnu_arcem9d/board/iotdk/drivers/ip/subsystem/uart/dfss_uart_obj.o
 .data.uart_context1
                0x80006bb0       0x1c obj_iotdk_10/gnu_arcem9d/board/iotdk/drivers/ip/subsystem/uart/dfss_uart_obj.o
 .data.uart_context0
                0x80006bcc       0x1c obj_iotdk_10/gnu_arcem9d/board/iotdk/drivers/ip/subsystem/uart/dfss_uart_obj.o
 .data.uart_devs
                0x80006be8      0x1a4 obj_iotdk_10/gnu_arcem9d/device/ip/subsystem/uart/uart.o
 .data          0x80006d8c      0x408 c:/arc_gnu/bin/../lib/gcc/arc-elf32/8.3.1/../../../../arc-elf32/lib/em4_fpuda\libc.a(lib_a-mallocr.o)
                0x80006d8c                __malloc_av_
 .data          0x80007194      0x424 c:/arc_gnu/bin/../lib/gcc/arc-elf32/8.3.1/../../../../arc-elf32/lib/em4_fpuda\libc.a(lib_a-impure.o)
 .data          0x800075b8      0x16c c:/arc_gnu/bin/../lib/gcc/arc-elf32/8.3.1/../../../../arc-elf32/lib/em4_fpuda\libc.a(lib_a-locale.o)
                0x800075b8                __global_locale
                0x80007724                _f_sdata = .
                0x80007724                __SDATA_BEGIN__ = .
 *(.sdata .sdata.* .gnu.linkonce.s.*)
 .sdata         0x80007724        0x8 c:/arc_gnu/bin/../lib/gcc/arc-elf32/8.3.1/../../../../arc-elf32/lib/em4_fpuda\libc.a(lib_a-mallocr.o)
                0x80007724                __malloc_sbrk_base
                0x80007728                __malloc_trim_threshold
 .sdata         0x8000772c        0x4 c:/arc_gnu/bin/../lib/gcc/arc-elf32/8.3.1/../../../../arc-elf32/lib/em4_fpuda\libc.a(lib_a-impure.o)
                0x8000772c                _impure_ptr
                [!provide]                PROVIDE (__sbss_start = .)
                [!provide]                PROVIDE (___sbss_start = .)
                0x80007730                _f_sbss = .
 *(.dynsbss)
 *(.sbss .sbss.* .gnu.linkonce.sb.*)
 .sbss          0x80007730        0xc c:/arc_gnu/bin/../lib/gcc/arc-elf32/8.3.1/../../../../arc-elf32/lib/em4_fpuda\libc.a(lib_a-mallocr.o)
                0x80007730                __malloc_max_total_mem
                0x80007734                __malloc_max_sbrked_mem
                0x80007738                __malloc_top_pad
 .sbss          0x8000773c        0x4 c:/arc_gnu/bin/../lib/gcc/arc-elf32/8.3.1/../../../../arc-elf32/lib/em4_fpuda\libc.a(lib_a-reent.o)
                0x8000773c                errno
 *(.scommon)
                0x80007740                _e_sbss = .
                [!provide]                PROVIDE (__sbss_end = .)
                [!provide]                PROVIDE (___sbss_end = .)
                0x80007740                _e_sdata = .
                0x80007740                _e_data = .

.bss            0x80007740      0x514 load address 0x2001a8f8
                0x80007740                _f_bss = .
 *(.dynbss)
 *(.bss .bss.* .gnu.linkonce.b.*)
 .bss.sys_ms_update.2948
                0x80007740        0x4 obj_iotdk_10/gnu_arcem9d/board/iotdk/common/iotdk_timer.o
 .bss.sys_hz_update.2947
                0x80007744        0x4 obj_iotdk_10/gnu_arcem9d/board/iotdk/common/iotdk_timer.o
 .bss.gl_iotdk_ms_cnt
                0x80007748        0x4 obj_iotdk_10/gnu_arcem9d/board/iotdk/common/iotdk_timer.o
                0x80007748                gl_iotdk_ms_cnt
 .bss.gl_iotdk_sys_hz_cnt
                0x8000774c        0x8 obj_iotdk_10/gnu_arcem9d/board/iotdk/common/iotdk_timer.o
                0x8000774c                gl_iotdk_sys_hz_cnt
 .bss.console_uart
                0x80007754        0x4 obj_iotdk_10/gnu_arcem9d/middleware/common/console_io.o
 .bss.xprintf_setup_flag
                0x80007758        0x4 obj_iotdk_10/gnu_arcem9d/middleware/common/console_io.o
 .bss.outptr    0x8000775c        0x4 obj_iotdk_10/gnu_arcem9d/middleware/common/xprintf/xprintf.o
 .bss.dcache_config
                0x80007760        0x8 obj_iotdk_10/gnu_arcem9d/arc/arc_cache.o
 .bss.icache_config
                0x80007768        0x8 obj_iotdk_10/gnu_arcem9d/arc/arc_cache.o
 .bss.install_flag.1983
                0x80007770        0x4 obj_iotdk_10/gnu_arcem9d/board/iotdk/drivers/ip/subsystem/uart/dfss_uart_obj.o
 .bss.dfss_uart_3
                0x80007774       0x5c obj_iotdk_10/gnu_arcem9d/board/iotdk/drivers/ip/subsystem/uart/dfss_uart_obj.o
 .bss.dfss_uart_2
                0x800077d0       0x5c obj_iotdk_10/gnu_arcem9d/board/iotdk/drivers/ip/subsystem/uart/dfss_uart_obj.o
 .bss.dfss_uart_1
                0x8000782c       0x5c obj_iotdk_10/gnu_arcem9d/board/iotdk/drivers/ip/subsystem/uart/dfss_uart_obj.o
 .bss.dfss_uart_0
                0x80007888       0x5c obj_iotdk_10/gnu_arcem9d/board/iotdk/drivers/ip/subsystem/uart/dfss_uart_obj.o
 .bss.uart_handles
                0x800078e4       0x10 obj_iotdk_10/gnu_arcem9d/device/ip/subsystem/uart/uart.o
 .bss           0x800078f4       0x28 c:/arc_gnu/bin/../lib/gcc/arc-elf32/8.3.1/../../../../arc-elf32/lib/em4_fpuda\libc.a(lib_a-mallocr.o)
                0x800078f4                __malloc_current_mallinfo
 .bss.heap_ptr.2687
                0x8000791c        0x4 obj_iotdk_10/gnu_arcem9d/library/clib/embarc_sbrk.o
 .bss.stdio_uart_inited
                0x80007920        0x4 obj_iotdk_10/gnu_arcem9d/library/clib/embarc_syscalls.o
                0x80007920                stdio_uart_inited
 *(COMMON)
 COMMON         0x80007924      0x320 obj_iotdk_10/gnu_arcem9d/application/./main.o
                0x80007924                kSingleIn
 COMMON         0x80007c44        0x8 obj_iotdk_10/gnu_arcem9d/middleware/common/xprintf/xprintf.o
                0x80007c44                xfunc_in
                0x80007c48                xfunc_out
 COMMON         0x80007c4c        0x4 obj_iotdk_10/gnu_arcem9d/arc/arc_exception.o
                0x80007c4c                exc_nest_count
 COMMON         0x80007c50        0x4 obj_iotdk_10/gnu_arcem9d/library/clib/embarc_syscalls.o
                0x80007c50                stdio_uart_obj
                0x80007c54                _e_bss = .

.stack          0x80007c54      0x800 load address 0x2001a8f4
                0x80007c54                . = ALIGN (0x4)
                0x80007c54                _f_stack = .
                0x80008454                . = (. + 0x800)
 *fill*         0x80007c54      0x800 
                0x80008454                _e_stack = .

.heap           0x80008454     0x2000 load address 0x2001a8f4
                0x80008454                . = ALIGN (0x4)
                0x80008454                __start_heap = .
                0x80008454                _f_heap = .
                0x8000a454                . = (. + 0x2000)
 *fill*         0x80008454     0x2000 
                0x8000a454                _e_heap = .
                0x8000a454                __end_heap = .
                0x20009580                _load_addr_text = LOADADDR (.text)
                0x20013b08                _load_addr_rodata = LOADADDR (.rodata)
                0x20019a70                _load_addr_data = LOADADDR (.data)
LOAD obj_iotdk_10/gnu_arcem9d/application/./main.o
LOAD obj_iotdk_10/gnu_arcem9d/application/./model_chw.o
LOAD obj_iotdk_10/gnu_arcem9d/application/./model_tensors.o
LOAD obj_iotdk_10/gnu_arcem9d/board/board.o
LOAD obj_iotdk_10/gnu_arcem9d/arc/startup/arc_cxx_support.o
LOAD obj_iotdk_10/gnu_arcem9d/arc/startup/arc_startup.o
LOAD obj_iotdk_10/gnu_arcem9d/library/embarc_mli/src/embarc_mli_util.o
START GROUP
LOAD obj_iotdk_10/gnu_arcem9d/libembarc.a
LOAD c:/arc_gnu/bin/../lib/gcc/arc-elf32/8.3.1/../../../../arc-elf32/lib/em4_fpuda\libm.a
LOAD c:/arc_gnu/bin/../lib/gcc/arc-elf32/8.3.1/../../../../arc-elf32/lib/em4_fpuda\libc.a
LOAD c:/arc_gnu/bin/../lib/gcc/arc-elf32/8.3.1/em4_fpuda\libgcc.a
END GROUP
START GROUP
LOAD c:/arc_gnu/bin/../lib/gcc/arc-elf32/8.3.1/em4_fpuda\libgcc.a
LOAD c:/arc_gnu/bin/../lib/gcc/arc-elf32/8.3.1/../../../../arc-elf32/lib/em4_fpuda\libc.a
LOAD c:/arc_gnu/bin/../lib/gcc/arc-elf32/8.3.1/../../../../arc-elf32/lib/em4_fpuda\libnosys.a
END GROUP
OUTPUT(obj_iotdk_10/gnu_arcem9d/defect_detection_gnu_arcem9d.elf elf32-littlearc)

.debug_info     0x00000000    0x3af24
 .debug_info    0x00000000     0x19f9 obj_iotdk_10/gnu_arcem9d/application/./main.o
 .debug_info    0x000019f9     0x1710 obj_iotdk_10/gnu_arcem9d/application/./model_chw.o
 .debug_info    0x00003109      0x3d4 obj_iotdk_10/gnu_arcem9d/application/./model_tensors.o
 .debug_info    0x000034dd      0xfa6 obj_iotdk_10/gnu_arcem9d/board/board.o
 .debug_info    0x00004483      0x1fc obj_iotdk_10/gnu_arcem9d/arc/startup/arc_cxx_support.o
 .debug_info    0x0000467f       0x26 obj_iotdk_10/gnu_arcem9d/arc/startup/arc_startup.o
 .debug_info    0x000046a5       0x22 obj_iotdk_10/gnu_arcem9d/library/embarc_mli/src/embarc_mli_util.o
 .debug_info    0x000046c7      0x674 obj_iotdk_10/gnu_arcem9d/board/iotdk/common/iotdk_init.o
 .debug_info    0x00004d3b      0x874 obj_iotdk_10/gnu_arcem9d/board/iotdk/common/iotdk_timer.o
 .debug_info    0x000055af      0xaad obj_iotdk_10/gnu_arcem9d/board/iotdk/drivers/mux/mux.o
 .debug_info    0x0000605c      0x865 obj_iotdk_10/gnu_arcem9d/board/iotdk/drivers/sysconf/sysconf.o
 .debug_info    0x000068c1     0x126c obj_iotdk_10/gnu_arcem9d/middleware/common/console_io.o
 .debug_info    0x00007b2d      0x8c0 obj_iotdk_10/gnu_arcem9d/middleware/common/xprintf/xprintf.o
 .debug_info    0x000083ed      0x60a obj_iotdk_10/gnu_arcem9d/arc/arc_timer.o
 .debug_info    0x000089f7      0x91e obj_iotdk_10/gnu_arcem9d/arc/arc_cache.o
 .debug_info    0x00009315     0x1745 obj_iotdk_10/gnu_arcem9d/arc/arc_exception.o
 .debug_info    0x0000aa5a       0x26 obj_iotdk_10/gnu_arcem9d/arc/arc_exc_asm.o
 .debug_info    0x0000aa80      0x9d2 obj_iotdk_10/gnu_arcem9d/library/clib/embarc_misc.o
 .debug_info    0x0000b452      0x60e obj_iotdk_10/gnu_arcem9d/../../../../../../library/embarc_mli/lib/arcem9d/libmli_iotdk.a(mli_helpers.o)
 .debug_info    0x0000ba60     0x158f obj_iotdk_10/gnu_arcem9d/../../../../../../library/embarc_mli/lib/arcem9d/libmli_iotdk.a(mli_krn_fully_connected_fx.o)
 .debug_info    0x0000cfef    0x14a9c obj_iotdk_10/gnu_arcem9d/../../../../../../library/embarc_mli/lib/arcem9d/libmli_iotdk.a(mli_krn_conv2d_chw_fx8.o)
 .debug_info    0x00021a8b      0x88a obj_iotdk_10/gnu_arcem9d/../../../../../../library/embarc_mli/lib/arcem9d/libmli_iotdk.a(mli_krn_permute_fx.o)
 .debug_info    0x00022315    0x12180 obj_iotdk_10/gnu_arcem9d/../../../../../../library/embarc_mli/lib/arcem9d/libmli_iotdk.a(mli_krn_maxpool_chw_fx8.o)
 .debug_info    0x00034495      0xb30 obj_iotdk_10/gnu_arcem9d/../../../../../../library/embarc_mli/lib/arcem9d/libmli_iotdk.a(mli_krn_softmax_fx.o)
 .debug_info    0x00034fc5      0x794 obj_iotdk_10/gnu_arcem9d/../../../../../../library/embarc_mli/lib/arcem9d/libmli_iotdk.a(mli_prv_lut.o)
 .debug_info    0x00035759     0x1161 obj_iotdk_10/gnu_arcem9d/board/iotdk/drivers/ip/subsystem/uart/dfss_uart_obj.o
 .debug_info    0x000368ba      0xe9e obj_iotdk_10/gnu_arcem9d/device/ip/subsystem/uart/ss_uart.o
 .debug_info    0x00037758     0x102f obj_iotdk_10/gnu_arcem9d/device/ip/subsystem/uart/uart.o
 .debug_info    0x00038787      0xa20 obj_iotdk_10/gnu_arcem9d/library/clib/embarc_sbrk.o
 .debug_info    0x000391a7     0x1d7d obj_iotdk_10/gnu_arcem9d/library/clib/embarc_syscalls.o

.debug_abbrev   0x00000000     0x4c1b
 .debug_abbrev  0x00000000      0x3fd obj_iotdk_10/gnu_arcem9d/application/./main.o
 .debug_abbrev  0x000003fd      0x373 obj_iotdk_10/gnu_arcem9d/application/./model_chw.o
 .debug_abbrev  0x00000770       0xfa obj_iotdk_10/gnu_arcem9d/application/./model_tensors.o
 .debug_abbrev  0x0000086a      0x364 obj_iotdk_10/gnu_arcem9d/board/board.o
 .debug_abbrev  0x00000bce      0x170 obj_iotdk_10/gnu_arcem9d/arc/startup/arc_cxx_support.o
 .debug_abbrev  0x00000d3e       0x14 obj_iotdk_10/gnu_arcem9d/arc/startup/arc_startup.o
 .debug_abbrev  0x00000d52       0x12 obj_iotdk_10/gnu_arcem9d/library/embarc_mli/src/embarc_mli_util.o
 .debug_abbrev  0x00000d64      0x1fb obj_iotdk_10/gnu_arcem9d/board/iotdk/common/iotdk_init.o
 .debug_abbrev  0x00000f5f      0x352 obj_iotdk_10/gnu_arcem9d/board/iotdk/common/iotdk_timer.o
 .debug_abbrev  0x000012b1      0x334 obj_iotdk_10/gnu_arcem9d/board/iotdk/drivers/mux/mux.o
 .debug_abbrev  0x000015e5      0x2e1 obj_iotdk_10/gnu_arcem9d/board/iotdk/drivers/sysconf/sysconf.o
 .debug_abbrev  0x000018c6      0x379 obj_iotdk_10/gnu_arcem9d/middleware/common/console_io.o
 .debug_abbrev  0x00001c3f      0x2f9 obj_iotdk_10/gnu_arcem9d/middleware/common/xprintf/xprintf.o
 .debug_abbrev  0x00001f38      0x2e4 obj_iotdk_10/gnu_arcem9d/arc/arc_timer.o
 .debug_abbrev  0x0000221c      0x2d9 obj_iotdk_10/gnu_arcem9d/arc/arc_cache.o
 .debug_abbrev  0x000024f5      0x447 obj_iotdk_10/gnu_arcem9d/arc/arc_exception.o
 .debug_abbrev  0x0000293c       0x14 obj_iotdk_10/gnu_arcem9d/arc/arc_exc_asm.o
 .debug_abbrev  0x00002950      0x1cf obj_iotdk_10/gnu_arcem9d/library/clib/embarc_misc.o
 .debug_abbrev  0x00002b1f      0x1e2 obj_iotdk_10/gnu_arcem9d/../../../../../../library/embarc_mli/lib/arcem9d/libmli_iotdk.a(mli_helpers.o)
 .debug_abbrev  0x00002d01      0x21d obj_iotdk_10/gnu_arcem9d/../../../../../../library/embarc_mli/lib/arcem9d/libmli_iotdk.a(mli_krn_fully_connected_fx.o)
 .debug_abbrev  0x00002f1e      0x287 obj_iotdk_10/gnu_arcem9d/../../../../../../library/embarc_mli/lib/arcem9d/libmli_iotdk.a(mli_krn_conv2d_chw_fx8.o)
 .debug_abbrev  0x000031a5      0x1e8 obj_iotdk_10/gnu_arcem9d/../../../../../../library/embarc_mli/lib/arcem9d/libmli_iotdk.a(mli_krn_permute_fx.o)
 .debug_abbrev  0x0000338d      0x277 obj_iotdk_10/gnu_arcem9d/../../../../../../library/embarc_mli/lib/arcem9d/libmli_iotdk.a(mli_krn_maxpool_chw_fx8.o)
 .debug_abbrev  0x00003604      0x221 obj_iotdk_10/gnu_arcem9d/../../../../../../library/embarc_mli/lib/arcem9d/libmli_iotdk.a(mli_krn_softmax_fx.o)
 .debug_abbrev  0x00003825      0x1b3 obj_iotdk_10/gnu_arcem9d/../../../../../../library/embarc_mli/lib/arcem9d/libmli_iotdk.a(mli_prv_lut.o)
 .debug_abbrev  0x000039d8      0x2f0 obj_iotdk_10/gnu_arcem9d/board/iotdk/drivers/ip/subsystem/uart/dfss_uart_obj.o
 .debug_abbrev  0x00003cc8      0x3d4 obj_iotdk_10/gnu_arcem9d/device/ip/subsystem/uart/ss_uart.o
 .debug_abbrev  0x0000409c      0x36e obj_iotdk_10/gnu_arcem9d/device/ip/subsystem/uart/uart.o
 .debug_abbrev  0x0000440a      0x22f obj_iotdk_10/gnu_arcem9d/library/clib/embarc_sbrk.o
 .debug_abbrev  0x00004639      0x5e2 obj_iotdk_10/gnu_arcem9d/library/clib/embarc_syscalls.o

.debug_loc      0x00000000    0x50392
 .debug_loc     0x00000000      0x506 obj_iotdk_10/gnu_arcem9d/application/./main.o
 .debug_loc     0x00000506      0x1ee obj_iotdk_10/gnu_arcem9d/application/./model_chw.o
 .debug_loc     0x000006f4       0x40 obj_iotdk_10/gnu_arcem9d/board/board.o
 .debug_loc     0x00000734       0xa3 obj_iotdk_10/gnu_arcem9d/arc/startup/arc_cxx_support.o
 .debug_loc     0x000007d7      0x14d obj_iotdk_10/gnu_arcem9d/board/iotdk/common/iotdk_timer.o
 .debug_loc     0x00000924      0x9ba obj_iotdk_10/gnu_arcem9d/board/iotdk/drivers/mux/mux.o
 .debug_loc     0x000012de      0x2d2 obj_iotdk_10/gnu_arcem9d/board/iotdk/drivers/sysconf/sysconf.o
 .debug_loc     0x000015b0       0xdf obj_iotdk_10/gnu_arcem9d/middleware/common/console_io.o
 .debug_loc     0x0000168f     0x10f0 obj_iotdk_10/gnu_arcem9d/middleware/common/xprintf/xprintf.o
 .debug_loc     0x0000277f      0x72a obj_iotdk_10/gnu_arcem9d/arc/arc_timer.o
 .debug_loc     0x00002ea9      0x56a obj_iotdk_10/gnu_arcem9d/arc/arc_cache.o
 .debug_loc     0x00003413      0xc61 obj_iotdk_10/gnu_arcem9d/arc/arc_exception.o
 .debug_loc     0x00004074      0x494 obj_iotdk_10/gnu_arcem9d/../../../../../../library/embarc_mli/lib/arcem9d/libmli_iotdk.a(mli_helpers.o)
 .debug_loc     0x00004508      0xf72 obj_iotdk_10/gnu_arcem9d/../../../../../../library/embarc_mli/lib/arcem9d/libmli_iotdk.a(mli_krn_fully_connected_fx.o)
 .debug_loc     0x0000547a    0x28c8d obj_iotdk_10/gnu_arcem9d/../../../../../../library/embarc_mli/lib/arcem9d/libmli_iotdk.a(mli_krn_conv2d_chw_fx8.o)
 .debug_loc     0x0002e107      0x56a obj_iotdk_10/gnu_arcem9d/../../../../../../library/embarc_mli/lib/arcem9d/libmli_iotdk.a(mli_krn_permute_fx.o)
 .debug_loc     0x0002e671    0x1e407 obj_iotdk_10/gnu_arcem9d/../../../../../../library/embarc_mli/lib/arcem9d/libmli_iotdk.a(mli_krn_maxpool_chw_fx8.o)
 .debug_loc     0x0004ca78      0x8a3 obj_iotdk_10/gnu_arcem9d/../../../../../../library/embarc_mli/lib/arcem9d/libmli_iotdk.a(mli_krn_softmax_fx.o)
 .debug_loc     0x0004d31b      0x951 obj_iotdk_10/gnu_arcem9d/../../../../../../library/embarc_mli/lib/arcem9d/libmli_iotdk.a(mli_prv_lut.o)
 .debug_loc     0x0004dc6c      0x859 obj_iotdk_10/gnu_arcem9d/board/iotdk/drivers/ip/subsystem/uart/dfss_uart_obj.o
 .debug_loc     0x0004e4c5      0xeea obj_iotdk_10/gnu_arcem9d/device/ip/subsystem/uart/ss_uart.o
 .debug_loc     0x0004f3af      0x81d obj_iotdk_10/gnu_arcem9d/device/ip/subsystem/uart/uart.o
 .debug_loc     0x0004fbcc       0x3a obj_iotdk_10/gnu_arcem9d/library/clib/embarc_sbrk.o
 .debug_loc     0x0004fc06      0x78c obj_iotdk_10/gnu_arcem9d/library/clib/embarc_syscalls.o

.debug_aranges  0x00000000      0xce0
 .debug_aranges
                0x00000000       0x20 obj_iotdk_10/gnu_arcem9d/application/./main.o
 .debug_aranges
                0x00000020       0x20 obj_iotdk_10/gnu_arcem9d/application/./model_chw.o
 .debug_aranges
                0x00000040       0x18 obj_iotdk_10/gnu_arcem9d/application/./model_tensors.o
 .debug_aranges
                0x00000058       0x20 obj_iotdk_10/gnu_arcem9d/board/board.o
 .debug_aranges
                0x00000078       0x40 obj_iotdk_10/gnu_arcem9d/arc/startup/arc_cxx_support.o
 .debug_aranges
                0x000000b8       0x20 obj_iotdk_10/gnu_arcem9d/arc/startup/arc_startup.o
 .debug_aranges
                0x000000d8       0x28 obj_iotdk_10/gnu_arcem9d/library/embarc_mli/src/embarc_mli_util.o
 .debug_aranges
                0x00000100       0x20 obj_iotdk_10/gnu_arcem9d/board/iotdk/common/iotdk_init.o
 .debug_aranges
                0x00000120       0x48 obj_iotdk_10/gnu_arcem9d/board/iotdk/common/iotdk_timer.o
 .debug_aranges
                0x00000168       0x50 obj_iotdk_10/gnu_arcem9d/board/iotdk/drivers/mux/mux.o
 .debug_aranges
                0x000001b8       0xe0 obj_iotdk_10/gnu_arcem9d/board/iotdk/drivers/sysconf/sysconf.o
 .debug_aranges
                0x00000298       0x40 obj_iotdk_10/gnu_arcem9d/middleware/common/console_io.o
 .debug_aranges
                0x000002d8       0x78 obj_iotdk_10/gnu_arcem9d/middleware/common/xprintf/xprintf.o
 .debug_aranges
                0x00000350       0x58 obj_iotdk_10/gnu_arcem9d/arc/arc_timer.o
 .debug_aranges
                0x000003a8       0x78 obj_iotdk_10/gnu_arcem9d/arc/arc_cache.o
 .debug_aranges
                0x00000420       0xe0 obj_iotdk_10/gnu_arcem9d/arc/arc_exception.o
 .debug_aranges
                0x00000500       0x20 obj_iotdk_10/gnu_arcem9d/arc/arc_exc_asm.o
 .debug_aranges
                0x00000520       0x20 obj_iotdk_10/gnu_arcem9d/library/clib/embarc_misc.o
 .debug_aranges
                0x00000540       0x38 obj_iotdk_10/gnu_arcem9d/../../../../../../library/embarc_mli/lib/arcem9d/libmli_iotdk.a(mli_helpers.o)
 .debug_aranges
                0x00000578       0x30 obj_iotdk_10/gnu_arcem9d/../../../../../../library/embarc_mli/lib/arcem9d/libmli_iotdk.a(mli_krn_fully_connected_fx.o)
 .debug_aranges
                0x000005a8      0x138 obj_iotdk_10/gnu_arcem9d/../../../../../../library/embarc_mli/lib/arcem9d/libmli_iotdk.a(mli_krn_conv2d_chw_fx8.o)
 .debug_aranges
                0x000006e0       0x38 obj_iotdk_10/gnu_arcem9d/../../../../../../library/embarc_mli/lib/arcem9d/libmli_iotdk.a(mli_krn_permute_fx.o)
 .debug_aranges
                0x00000718      0x290 obj_iotdk_10/gnu_arcem9d/../../../../../../library/embarc_mli/lib/arcem9d/libmli_iotdk.a(mli_krn_maxpool_chw_fx8.o)
 .debug_aranges
                0x000009a8       0x28 obj_iotdk_10/gnu_arcem9d/../../../../../../library/embarc_mli/lib/arcem9d/libmli_iotdk.a(mli_krn_softmax_fx.o)
 .debug_aranges
                0x000009d0       0x30 obj_iotdk_10/gnu_arcem9d/../../../../../../library/embarc_mli/lib/arcem9d/libmli_iotdk.a(mli_prv_lut.o)
 .debug_aranges
                0x00000a00      0x128 obj_iotdk_10/gnu_arcem9d/board/iotdk/drivers/ip/subsystem/uart/dfss_uart_obj.o
 .debug_aranges
                0x00000b28       0x60 obj_iotdk_10/gnu_arcem9d/device/ip/subsystem/uart/ss_uart.o
 .debug_aranges
                0x00000b88       0x70 obj_iotdk_10/gnu_arcem9d/device/ip/subsystem/uart/uart.o
 .debug_aranges
                0x00000bf8       0x20 obj_iotdk_10/gnu_arcem9d/library/clib/embarc_sbrk.o
 .debug_aranges
                0x00000c18       0xc8 obj_iotdk_10/gnu_arcem9d/library/clib/embarc_syscalls.o

.debug_ranges   0x00000000     0xc1e0
 .debug_ranges  0x00000000       0xa8 obj_iotdk_10/gnu_arcem9d/application/./main.o
 .debug_ranges  0x000000a8       0x88 obj_iotdk_10/gnu_arcem9d/application/./model_chw.o
 .debug_ranges  0x00000130       0x10 obj_iotdk_10/gnu_arcem9d/board/board.o
 .debug_ranges  0x00000140       0x30 obj_iotdk_10/gnu_arcem9d/arc/startup/arc_cxx_support.o
 .debug_ranges  0x00000170       0x20 obj_iotdk_10/gnu_arcem9d/library/embarc_mli/src/embarc_mli_util.o
 .debug_ranges  0x00000190       0x10 obj_iotdk_10/gnu_arcem9d/board/iotdk/common/iotdk_init.o
 .debug_ranges  0x000001a0       0x78 obj_iotdk_10/gnu_arcem9d/board/iotdk/common/iotdk_timer.o
 .debug_ranges  0x00000218       0xf0 obj_iotdk_10/gnu_arcem9d/board/iotdk/drivers/mux/mux.o
 .debug_ranges  0x00000308       0xe8 obj_iotdk_10/gnu_arcem9d/board/iotdk/drivers/sysconf/sysconf.o
 .debug_ranges  0x000003f0       0x48 obj_iotdk_10/gnu_arcem9d/middleware/common/console_io.o
 .debug_ranges  0x00000438       0x98 obj_iotdk_10/gnu_arcem9d/middleware/common/xprintf/xprintf.o
 .debug_ranges  0x000004d0       0xc8 obj_iotdk_10/gnu_arcem9d/arc/arc_timer.o
 .debug_ranges  0x00000598       0x80 obj_iotdk_10/gnu_arcem9d/arc/arc_cache.o
 .debug_ranges  0x00000618      0x268 obj_iotdk_10/gnu_arcem9d/arc/arc_exception.o
 .debug_ranges  0x00000880       0x10 obj_iotdk_10/gnu_arcem9d/library/clib/embarc_misc.o
 .debug_ranges  0x00000890       0x40 obj_iotdk_10/gnu_arcem9d/../../../../../../library/embarc_mli/lib/arcem9d/libmli_iotdk.a(mli_helpers.o)
 .debug_ranges  0x000008d0      0x2d0 obj_iotdk_10/gnu_arcem9d/../../../../../../library/embarc_mli/lib/arcem9d/libmli_iotdk.a(mli_krn_fully_connected_fx.o)
 .debug_ranges  0x00000ba0     0x6d80 obj_iotdk_10/gnu_arcem9d/../../../../../../library/embarc_mli/lib/arcem9d/libmli_iotdk.a(mli_krn_conv2d_chw_fx8.o)
 .debug_ranges  0x00007920       0x58 obj_iotdk_10/gnu_arcem9d/../../../../../../library/embarc_mli/lib/arcem9d/libmli_iotdk.a(mli_krn_permute_fx.o)
 .debug_ranges  0x00007978     0x4348 obj_iotdk_10/gnu_arcem9d/../../../../../../library/embarc_mli/lib/arcem9d/libmli_iotdk.a(mli_krn_maxpool_chw_fx8.o)
 .debug_ranges  0x0000bcc0      0x138 obj_iotdk_10/gnu_arcem9d/../../../../../../library/embarc_mli/lib/arcem9d/libmli_iotdk.a(mli_krn_softmax_fx.o)
 .debug_ranges  0x0000bdf8       0x78 obj_iotdk_10/gnu_arcem9d/../../../../../../library/embarc_mli/lib/arcem9d/libmli_iotdk.a(mli_prv_lut.o)
 .debug_ranges  0x0000be70      0x198 obj_iotdk_10/gnu_arcem9d/board/iotdk/drivers/ip/subsystem/uart/dfss_uart_obj.o
 .debug_ranges  0x0000c008       0x98 obj_iotdk_10/gnu_arcem9d/device/ip/subsystem/uart/ss_uart.o
 .debug_ranges  0x0000c0a0       0x60 obj_iotdk_10/gnu_arcem9d/device/ip/subsystem/uart/uart.o
 .debug_ranges  0x0000c100       0x10 obj_iotdk_10/gnu_arcem9d/library/clib/embarc_sbrk.o
 .debug_ranges  0x0000c110       0xd0 obj_iotdk_10/gnu_arcem9d/library/clib/embarc_syscalls.o

.debug_line     0x00000000    0x15b90
 .debug_line    0x00000000      0x4cc obj_iotdk_10/gnu_arcem9d/application/./main.o
 .debug_line    0x000004cc      0x3f0 obj_iotdk_10/gnu_arcem9d/application/./model_chw.o
 .debug_line    0x000008bc       0xe8 obj_iotdk_10/gnu_arcem9d/application/./model_tensors.o
 .debug_line    0x000009a4      0x2e7 obj_iotdk_10/gnu_arcem9d/board/board.o
 .debug_line    0x00000c8b      0x12e obj_iotdk_10/gnu_arcem9d/arc/startup/arc_cxx_support.o
 .debug_line    0x00000db9       0xcc obj_iotdk_10/gnu_arcem9d/arc/startup/arc_startup.o
 .debug_line    0x00000e85       0x7e obj_iotdk_10/gnu_arcem9d/library/embarc_mli/src/embarc_mli_util.o
 .debug_line    0x00000f03      0x1f8 obj_iotdk_10/gnu_arcem9d/board/iotdk/common/iotdk_init.o
 .debug_line    0x000010fb      0x379 obj_iotdk_10/gnu_arcem9d/board/iotdk/common/iotdk_timer.o
 .debug_line    0x00001474      0x5e8 obj_iotdk_10/gnu_arcem9d/board/iotdk/drivers/mux/mux.o
 .debug_line    0x00001a5c      0x7b6 obj_iotdk_10/gnu_arcem9d/board/iotdk/drivers/sysconf/sysconf.o
 .debug_line    0x00002212      0x36f obj_iotdk_10/gnu_arcem9d/middleware/common/console_io.o
 .debug_line    0x00002581      0x8fa obj_iotdk_10/gnu_arcem9d/middleware/common/xprintf/xprintf.o
 .debug_line    0x00002e7b      0x505 obj_iotdk_10/gnu_arcem9d/arc/arc_timer.o
 .debug_line    0x00003380      0x76e obj_iotdk_10/gnu_arcem9d/arc/arc_cache.o
 .debug_line    0x00003aee      0xa2a obj_iotdk_10/gnu_arcem9d/arc/arc_exception.o
 .debug_line    0x00004518       0xad obj_iotdk_10/gnu_arcem9d/arc/arc_exc_asm.o
 .debug_line    0x000045c5      0x172 obj_iotdk_10/gnu_arcem9d/library/clib/embarc_misc.o
 .debug_line    0x00004737      0x144 obj_iotdk_10/gnu_arcem9d/../../../../../../library/embarc_mli/lib/arcem9d/libmli_iotdk.a(mli_helpers.o)
 .debug_line    0x0000487b      0x5ae obj_iotdk_10/gnu_arcem9d/../../../../../../library/embarc_mli/lib/arcem9d/libmli_iotdk.a(mli_krn_fully_connected_fx.o)
 .debug_line    0x00004e29     0x7e98 obj_iotdk_10/gnu_arcem9d/../../../../../../library/embarc_mli/lib/arcem9d/libmli_iotdk.a(mli_krn_conv2d_chw_fx8.o)
 .debug_line    0x0000ccc1      0x1b2 obj_iotdk_10/gnu_arcem9d/../../../../../../library/embarc_mli/lib/arcem9d/libmli_iotdk.a(mli_krn_permute_fx.o)
 .debug_line    0x0000ce73     0x6601 obj_iotdk_10/gnu_arcem9d/../../../../../../library/embarc_mli/lib/arcem9d/libmli_iotdk.a(mli_krn_maxpool_chw_fx8.o)
 .debug_line    0x00013474      0x306 obj_iotdk_10/gnu_arcem9d/../../../../../../library/embarc_mli/lib/arcem9d/libmli_iotdk.a(mli_krn_softmax_fx.o)
 .debug_line    0x0001377a      0x238 obj_iotdk_10/gnu_arcem9d/../../../../../../library/embarc_mli/lib/arcem9d/libmli_iotdk.a(mli_prv_lut.o)
 .debug_line    0x000139b2      0x6e3 obj_iotdk_10/gnu_arcem9d/board/iotdk/drivers/ip/subsystem/uart/dfss_uart_obj.o
 .debug_line    0x00014095      0x82d obj_iotdk_10/gnu_arcem9d/device/ip/subsystem/uart/ss_uart.o
 .debug_line    0x000148c2      0x8f3 obj_iotdk_10/gnu_arcem9d/device/ip/subsystem/uart/uart.o
 .debug_line    0x000151b5      0x170 obj_iotdk_10/gnu_arcem9d/library/clib/embarc_sbrk.o
 .debug_line    0x00015325      0x86b obj_iotdk_10/gnu_arcem9d/library/clib/embarc_syscalls.o

.debug_str      0x00000000     0x5f70
 .debug_str     0x00000000      0xd6e obj_iotdk_10/gnu_arcem9d/application/./main.o
                                0xed3 (size before relaxing)
 .debug_str     0x00000d6e      0x345 obj_iotdk_10/gnu_arcem9d/application/./model_chw.o
                                0xfaa (size before relaxing)
 .debug_str     0x000010b3       0x84 obj_iotdk_10/gnu_arcem9d/application/./model_tensors.o
                                0x425 (size before relaxing)
 .debug_str     0x00001137       0xac obj_iotdk_10/gnu_arcem9d/board/board.o
                                0xaa0 (size before relaxing)
 .debug_str     0x000011e3      0x132 obj_iotdk_10/gnu_arcem9d/arc/startup/arc_cxx_support.o
                                0x27c (size before relaxing)
 .debug_str     0x00001315       0x1d obj_iotdk_10/gnu_arcem9d/arc/startup/arc_startup.o
                                 0x83 (size before relaxing)
 .debug_str     0x00001332       0x19 obj_iotdk_10/gnu_arcem9d/library/embarc_mli/src/embarc_mli_util.o
                                 0x8e (size before relaxing)
 .debug_str     0x0000134b      0x14a obj_iotdk_10/gnu_arcem9d/board/iotdk/common/iotdk_init.o
                                0x738 (size before relaxing)
 .debug_str     0x00001495      0x143 obj_iotdk_10/gnu_arcem9d/board/iotdk/common/iotdk_timer.o
                                0x74c (size before relaxing)
 .debug_str     0x000015d8      0x288 obj_iotdk_10/gnu_arcem9d/board/iotdk/drivers/mux/mux.o
                                0x959 (size before relaxing)
 .debug_str     0x00001860      0x1f3 obj_iotdk_10/gnu_arcem9d/board/iotdk/drivers/sysconf/sysconf.o
                                0x5c5 (size before relaxing)
 .debug_str     0x00001a53      0x163 obj_iotdk_10/gnu_arcem9d/middleware/common/console_io.o
                                0xbdc (size before relaxing)
 .debug_str     0x00001bb6       0xa7 obj_iotdk_10/gnu_arcem9d/middleware/common/xprintf/xprintf.o
                                0x260 (size before relaxing)
 .debug_str     0x00001c5d       0xa4 obj_iotdk_10/gnu_arcem9d/arc/arc_timer.o
                                0x35a (size before relaxing)
 .debug_str     0x00001d01      0x1f8 obj_iotdk_10/gnu_arcem9d/arc/arc_cache.o
                                0x492 (size before relaxing)
 .debug_str     0x00001ef9      0x364 obj_iotdk_10/gnu_arcem9d/arc/arc_exception.o
                                0x6d1 (size before relaxing)
 .debug_str     0x0000225d        0xe obj_iotdk_10/gnu_arcem9d/arc/arc_exc_asm.o
                                 0x83 (size before relaxing)
 .debug_str     0x0000226b       0x27 obj_iotdk_10/gnu_arcem9d/library/clib/embarc_misc.o
                                0x653 (size before relaxing)
 .debug_str     0x00002292      0x1f8 obj_iotdk_10/gnu_arcem9d/../../../../../../library/embarc_mli/lib/arcem9d/libmli_iotdk.a(mli_helpers.o)
                                0x4bc (size before relaxing)
 .debug_str     0x0000248a      0x7b9 obj_iotdk_10/gnu_arcem9d/../../../../../../library/embarc_mli/lib/arcem9d/libmli_iotdk.a(mli_krn_fully_connected_fx.o)
                                0xb9a (size before relaxing)
 .debug_str     0x00002c43     0x13ee obj_iotdk_10/gnu_arcem9d/../../../../../../library/embarc_mli/lib/arcem9d/libmli_iotdk.a(mli_krn_conv2d_chw_fx8.o)
                               0x1aa1 (size before relaxing)
 .debug_str     0x00004031      0x18b obj_iotdk_10/gnu_arcem9d/../../../../../../library/embarc_mli/lib/arcem9d/libmli_iotdk.a(mli_krn_permute_fx.o)
                                0x5e4 (size before relaxing)
 .debug_str     0x000041bc      0xf57 obj_iotdk_10/gnu_arcem9d/../../../../../../library/embarc_mli/lib/arcem9d/libmli_iotdk.a(mli_krn_maxpool_chw_fx8.o)
                               0x1520 (size before relaxing)
 .debug_str     0x00005113      0x224 obj_iotdk_10/gnu_arcem9d/../../../../../../library/embarc_mli/lib/arcem9d/libmli_iotdk.a(mli_krn_softmax_fx.o)
                                0x73d (size before relaxing)
 .debug_str     0x00005337      0x158 obj_iotdk_10/gnu_arcem9d/../../../../../../library/embarc_mli/lib/arcem9d/libmli_iotdk.a(mli_prv_lut.o)
                                0x3b1 (size before relaxing)
 .debug_str     0x0000548f      0x40a obj_iotdk_10/gnu_arcem9d/board/iotdk/drivers/ip/subsystem/uart/dfss_uart_obj.o
                                0x894 (size before relaxing)
 .debug_str     0x00005899      0x11d obj_iotdk_10/gnu_arcem9d/device/ip/subsystem/uart/ss_uart.o
                                0x67f (size before relaxing)
 .debug_str     0x000059b6      0x225 obj_iotdk_10/gnu_arcem9d/device/ip/subsystem/uart/uart.o
                                0x8ec (size before relaxing)
 .debug_str     0x00005bdb       0x89 obj_iotdk_10/gnu_arcem9d/library/clib/embarc_sbrk.o
                                0x655 (size before relaxing)
 .debug_str     0x00005c64      0x30c obj_iotdk_10/gnu_arcem9d/library/clib/embarc_syscalls.o
                                0xf59 (size before relaxing)

.comment        0x00000000      0x4bb
 .comment       0x00000000       0x46 obj_iotdk_10/gnu_arcem9d/application/./main.o
                                 0x47 (size before relaxing)
 .comment       0x00000046       0x47 obj_iotdk_10/gnu_arcem9d/application/./model_chw.o
 .comment       0x00000046       0x47 obj_iotdk_10/gnu_arcem9d/application/./model_tensors.o
 .comment       0x00000046       0x47 obj_iotdk_10/gnu_arcem9d/board/board.o
 .comment       0x00000046       0x47 obj_iotdk_10/gnu_arcem9d/arc/startup/arc_cxx_support.o
 .comment       0x00000046       0x47 obj_iotdk_10/gnu_arcem9d/board/iotdk/common/iotdk_init.o
 .comment       0x00000046       0x47 obj_iotdk_10/gnu_arcem9d/board/iotdk/common/iotdk_timer.o
 .comment       0x00000046       0x47 obj_iotdk_10/gnu_arcem9d/board/iotdk/drivers/mux/mux.o
 .comment       0x00000046       0x47 obj_iotdk_10/gnu_arcem9d/board/iotdk/drivers/sysconf/sysconf.o
 .comment       0x00000046       0x47 obj_iotdk_10/gnu_arcem9d/middleware/common/console_io.o
 .comment       0x00000046       0x47 obj_iotdk_10/gnu_arcem9d/middleware/common/xprintf/xprintf.o
 .comment       0x00000046       0x47 obj_iotdk_10/gnu_arcem9d/arc/arc_timer.o
 .comment       0x00000046       0x47 obj_iotdk_10/gnu_arcem9d/arc/arc_cache.o
 .comment       0x00000046       0x47 obj_iotdk_10/gnu_arcem9d/arc/arc_exception.o
 .comment       0x00000046       0x47 obj_iotdk_10/gnu_arcem9d/library/clib/embarc_misc.o
 .comment       0x00000046       0xa3 obj_iotdk_10/gnu_arcem9d/../../../../../../library/embarc_mli/lib/arcem9d/libmli_iotdk.a(mli_helpers.o)
 .comment       0x000000e9       0xa3 obj_iotdk_10/gnu_arcem9d/../../../../../../library/embarc_mli/lib/arcem9d/libmli_iotdk.a(mli_krn_fully_connected_fx.o)
 .comment       0x0000018c       0xa3 obj_iotdk_10/gnu_arcem9d/../../../../../../library/embarc_mli/lib/arcem9d/libmli_iotdk.a(mli_krn_conv2d_chw_fx8.o)
 .comment       0x0000022f       0xa3 obj_iotdk_10/gnu_arcem9d/../../../../../../library/embarc_mli/lib/arcem9d/libmli_iotdk.a(mli_krn_permute_fx.o)
 .comment       0x000002d2       0xa3 obj_iotdk_10/gnu_arcem9d/../../../../../../library/embarc_mli/lib/arcem9d/libmli_iotdk.a(mli_krn_maxpool_chw_fx8.o)
 .comment       0x00000375       0xa3 obj_iotdk_10/gnu_arcem9d/../../../../../../library/embarc_mli/lib/arcem9d/libmli_iotdk.a(mli_krn_softmax_fx.o)
 .comment       0x00000418       0xa3 obj_iotdk_10/gnu_arcem9d/../../../../../../library/embarc_mli/lib/arcem9d/libmli_iotdk.a(mli_prv_lut.o)
 .comment       0x000004bb       0x47 obj_iotdk_10/gnu_arcem9d/board/iotdk/drivers/ip/subsystem/uart/dfss_uart_obj.o
 .comment       0x000004bb       0x47 obj_iotdk_10/gnu_arcem9d/device/ip/subsystem/uart/ss_uart.o
 .comment       0x000004bb       0x47 obj_iotdk_10/gnu_arcem9d/device/ip/subsystem/uart/uart.o
 .comment       0x000004bb       0x47 obj_iotdk_10/gnu_arcem9d/library/clib/embarc_sbrk.o
 .comment       0x000004bb       0x47 obj_iotdk_10/gnu_arcem9d/library/clib/embarc_syscalls.o

.note.GNU-stack
                0x00000000        0x0
 .note.GNU-stack
                0x00000000        0x0 obj_iotdk_10/gnu_arcem9d/application/./main.o
 .note.GNU-stack
                0x00000000        0x0 obj_iotdk_10/gnu_arcem9d/application/./model_chw.o
 .note.GNU-stack
                0x00000000        0x0 obj_iotdk_10/gnu_arcem9d/application/./model_tensors.o
 .note.GNU-stack
                0x00000000        0x0 obj_iotdk_10/gnu_arcem9d/board/board.o
 .note.GNU-stack
                0x00000000        0x0 obj_iotdk_10/gnu_arcem9d/arc/startup/arc_cxx_support.o
 .note.GNU-stack
                0x00000000        0x0 obj_iotdk_10/gnu_arcem9d/board/iotdk/common/iotdk_init.o
 .note.GNU-stack
                0x00000000        0x0 obj_iotdk_10/gnu_arcem9d/board/iotdk/common/iotdk_timer.o
 .note.GNU-stack
                0x00000000        0x0 obj_iotdk_10/gnu_arcem9d/board/iotdk/drivers/mux/mux.o
 .note.GNU-stack
                0x00000000        0x0 obj_iotdk_10/gnu_arcem9d/board/iotdk/drivers/sysconf/sysconf.o
 .note.GNU-stack
                0x00000000        0x0 obj_iotdk_10/gnu_arcem9d/middleware/common/console_io.o
 .note.GNU-stack
                0x00000000        0x0 obj_iotdk_10/gnu_arcem9d/middleware/common/xprintf/xprintf.o
 .note.GNU-stack
                0x00000000        0x0 obj_iotdk_10/gnu_arcem9d/arc/arc_timer.o
 .note.GNU-stack
                0x00000000        0x0 obj_iotdk_10/gnu_arcem9d/arc/arc_cache.o
 .note.GNU-stack
                0x00000000        0x0 obj_iotdk_10/gnu_arcem9d/arc/arc_exception.o
 .note.GNU-stack
                0x00000000        0x0 obj_iotdk_10/gnu_arcem9d/library/clib/embarc_misc.o
 .note.GNU-stack
                0x00000000        0x0 obj_iotdk_10/gnu_arcem9d/board/iotdk/drivers/ip/subsystem/uart/dfss_uart_obj.o
 .note.GNU-stack
                0x00000000        0x0 obj_iotdk_10/gnu_arcem9d/device/ip/subsystem/uart/ss_uart.o
 .note.GNU-stack
                0x00000000        0x0 obj_iotdk_10/gnu_arcem9d/device/ip/subsystem/uart/uart.o
 .note.GNU-stack
                0x00000000        0x0 c:/arc_gnu/bin/../lib/gcc/arc-elf32/8.3.1/../../../../arc-elf32/lib/em4_fpuda\libc.a(lib_a-malloc.o)
 .note.GNU-stack
                0x00000000        0x0 c:/arc_gnu/bin/../lib/gcc/arc-elf32/8.3.1/../../../../arc-elf32/lib/em4_fpuda\libc.a(lib_a-mallocr.o)
 .note.GNU-stack
                0x00000000        0x0 c:/arc_gnu/bin/../lib/gcc/arc-elf32/8.3.1/../../../../arc-elf32/lib/em4_fpuda\libc.a(lib_a-mlock.o)
 .note.GNU-stack
                0x00000000        0x0 c:/arc_gnu/bin/../lib/gcc/arc-elf32/8.3.1/../../../../arc-elf32/lib/em4_fpuda\libc.a(lib_a-printf.o)
 .note.GNU-stack
                0x00000000        0x0 c:/arc_gnu/bin/../lib/gcc/arc-elf32/8.3.1/../../../../arc-elf32/lib/em4_fpuda\libc.a(lib_a-puts.o)
 .note.GNU-stack
                0x00000000        0x0 c:/arc_gnu/bin/../lib/gcc/arc-elf32/8.3.1/../../../../arc-elf32/lib/em4_fpuda\libc.a(lib_a-sbrkr.o)
 .note.GNU-stack
                0x00000000        0x0 c:/arc_gnu/bin/../lib/gcc/arc-elf32/8.3.1/../../../../arc-elf32/lib/em4_fpuda\libc.a(lib_a-vfprintf.o)
 .note.GNU-stack
                0x00000000        0x0 c:/arc_gnu/bin/../lib/gcc/arc-elf32/8.3.1/../../../../arc-elf32/lib/em4_fpuda\libc.a(lib_a-wsetup.o)
 .note.GNU-stack
                0x00000000        0x0 c:/arc_gnu/bin/../lib/gcc/arc-elf32/8.3.1/../../../../arc-elf32/lib/em4_fpuda\libc.a(lib_a-dtoa.o)
 .note.GNU-stack
                0x00000000        0x0 c:/arc_gnu/bin/../lib/gcc/arc-elf32/8.3.1/../../../../arc-elf32/lib/em4_fpuda\libc.a(lib_a-fflush.o)
 .note.GNU-stack
                0x00000000        0x0 c:/arc_gnu/bin/../lib/gcc/arc-elf32/8.3.1/../../../../arc-elf32/lib/em4_fpuda\libc.a(lib_a-findfp.o)
 .note.GNU-stack
                0x00000000        0x0 c:/arc_gnu/bin/../lib/gcc/arc-elf32/8.3.1/../../../../arc-elf32/lib/em4_fpuda\libc.a(lib_a-freer.o)
 .note.GNU-stack
                0x00000000        0x0 c:/arc_gnu/bin/../lib/gcc/arc-elf32/8.3.1/../../../../arc-elf32/lib/em4_fpuda\libc.a(lib_a-fvwrite.o)
 .note.GNU-stack
                0x00000000        0x0 c:/arc_gnu/bin/../lib/gcc/arc-elf32/8.3.1/../../../../arc-elf32/lib/em4_fpuda\libc.a(lib_a-fwalk.o)
 .note.GNU-stack
                0x00000000        0x0 c:/arc_gnu/bin/../lib/gcc/arc-elf32/8.3.1/../../../../arc-elf32/lib/em4_fpuda\libc.a(lib_a-impure.o)
 .note.GNU-stack
                0x00000000        0x0 c:/arc_gnu/bin/../lib/gcc/arc-elf32/8.3.1/../../../../arc-elf32/lib/em4_fpuda\libc.a(lib_a-localeconv.o)
 .note.GNU-stack
                0x00000000        0x0 c:/arc_gnu/bin/../lib/gcc/arc-elf32/8.3.1/../../../../arc-elf32/lib/em4_fpuda\libc.a(lib_a-makebuf.o)
 .note.GNU-stack
                0x00000000        0x0 c:/arc_gnu/bin/../lib/gcc/arc-elf32/8.3.1/../../../../arc-elf32/lib/em4_fpuda\libc.a(lib_a-memchr.o)
 .note.GNU-stack
                0x00000000        0x0 c:/arc_gnu/bin/../lib/gcc/arc-elf32/8.3.1/../../../../arc-elf32/lib/em4_fpuda\libc.a(lib_a-memmove.o)
 .note.GNU-stack
                0x00000000        0x0 c:/arc_gnu/bin/../lib/gcc/arc-elf32/8.3.1/../../../../arc-elf32/lib/em4_fpuda\libc.a(lib_a-mprec.o)
 .note.GNU-stack
                0x00000000        0x0 c:/arc_gnu/bin/../lib/gcc/arc-elf32/8.3.1/../../../../arc-elf32/lib/em4_fpuda\libc.a(lib_a-reallocr.o)
 .note.GNU-stack
                0x00000000        0x0 c:/arc_gnu/bin/../lib/gcc/arc-elf32/8.3.1/../../../../arc-elf32/lib/em4_fpuda\libc.a(lib_a-reent.o)
 .note.GNU-stack
                0x00000000        0x0 c:/arc_gnu/bin/../lib/gcc/arc-elf32/8.3.1/../../../../arc-elf32/lib/em4_fpuda\libc.a(lib_a-stdio.o)
 .note.GNU-stack
                0x00000000        0x0 c:/arc_gnu/bin/../lib/gcc/arc-elf32/8.3.1/../../../../arc-elf32/lib/em4_fpuda\libc.a(lib_a-vfiprintf.o)
 .note.GNU-stack
                0x00000000        0x0 c:/arc_gnu/bin/../lib/gcc/arc-elf32/8.3.1/../../../../arc-elf32/lib/em4_fpuda\libc.a(lib_a-writer.o)
 .note.GNU-stack
                0x00000000        0x0 c:/arc_gnu/bin/../lib/gcc/arc-elf32/8.3.1/../../../../arc-elf32/lib/em4_fpuda\libc.a(lib_a-callocr.o)
 .note.GNU-stack
                0x00000000        0x0 c:/arc_gnu/bin/../lib/gcc/arc-elf32/8.3.1/../../../../arc-elf32/lib/em4_fpuda\libc.a(lib_a-closer.o)
 .note.GNU-stack
                0x00000000        0x0 c:/arc_gnu/bin/../lib/gcc/arc-elf32/8.3.1/../../../../arc-elf32/lib/em4_fpuda\libc.a(lib_a-fclose.o)
 .note.GNU-stack
                0x00000000        0x0 c:/arc_gnu/bin/../lib/gcc/arc-elf32/8.3.1/../../../../arc-elf32/lib/em4_fpuda\libc.a(lib_a-fputwc.o)
 .note.GNU-stack
                0x00000000        0x0 c:/arc_gnu/bin/../lib/gcc/arc-elf32/8.3.1/../../../../arc-elf32/lib/em4_fpuda\libc.a(lib_a-fstatr.o)
 .note.GNU-stack
                0x00000000        0x0 c:/arc_gnu/bin/../lib/gcc/arc-elf32/8.3.1/../../../../arc-elf32/lib/em4_fpuda\libc.a(lib_a-isattyr.o)